BL51 BANKED LINKER/LOCATER V5.03                                                        11/21/2005  13:47:44  PAGE 1


BL51 BANKED LINKER/LOCATER V5.03, INVOKED BY:
C:\KEIL\C51\BIN\BL51.EXE .\Output\Uart.obj, .\Output\Initial.obj, .\Output\Frame_Sync.obj, .\Output\Lcd_auto.obj, .\Outp
>> ut\Lcd_coef.obj, .\Output\Lcd_func.obj, .\Output\Lcd_main.obj, .\Output\Lcd_msg.obj, .\Output\Lcd_osd.obj, .\Output\M
>> ode_Detect.obj, .\Output\MTV512.obj, .\Output\Power_Ctrl.obj, .\Output\Src_Ctrl.obj, .\Output\Timer.obj, .\Output\Acc
>> ess.obj, .\Output\Ddc.obj, .\Output\rgb_echo.obj, .\Lib\Ksv.lib TO .\Output\2523 PRINT (.\Output\2523.m51) RAMSIZE (2
>> 56)


MEMORY MODEL: SMALL


INPUT MODULES INCLUDED:
  .\Output\Uart.obj (UART)
  .\Output\Initial.obj (INITIAL)
  .\Output\Frame_Sync.obj (FRAME_SYNC)
  .\Output\Lcd_auto.obj (LCD_AUTO)
  .\Output\Lcd_coef.obj (LCD_COEF)
  .\Output\Lcd_func.obj (LCD_FUNC)
  .\Output\Lcd_main.obj (LCD_MAIN)
  .\Output\Lcd_msg.obj (LCD_MSG)
  .\Output\Lcd_osd.obj (LCD_OSD)
  .\Output\Mode_Detect.obj (MODE_DETECT)
  .\Output\MTV512.obj (MTV512)
  .\Output\Power_Ctrl.obj (POWER_CTRL)
  .\Output\Src_Ctrl.obj (SRC_CTRL)
  .\Output\Timer.obj (TIMER)
  .\Output\Access.obj (ACCESS)
  .\Output\Ddc.obj (DDC)
  .\Output\rgb_echo.obj (RGB_ECHO)
  C:\KEIL\C51\LIB\C51S.LIB (?C_STARTUP)
  C:\KEIL\C51\LIB\C51S.LIB (?C?CLDPTR)
  C:\KEIL\C51\LIB\C51S.LIB (?C?CLDOPTR)
  C:\KEIL\C51\LIB\C51S.LIB (?C?CSTPTR)
  C:\KEIL\C51\LIB\C51S.LIB (?C?IMUL)
  C:\KEIL\C51\LIB\C51S.LIB (?C?UIDIV)
  C:\KEIL\C51\LIB\C51S.LIB (?C?LMUL)
  C:\KEIL\C51\LIB\C51S.LIB (?C?ULDIV)
  C:\KEIL\C51\LIB\C51S.LIB (?C?ULCMP)
  C:\KEIL\C51\LIB\C51S.LIB (?C?ULSHR)
  C:\KEIL\C51\LIB\C51S.LIB (?C?LSHL)
  C:\KEIL\C51\LIB\C51S.LIB (?C?LLDIDATA)
  C:\KEIL\C51\LIB\C51S.LIB (?C?LLDIDATA0)
  C:\KEIL\C51\LIB\C51S.LIB (?C?LSTIDATA)
  C:\KEIL\C51\LIB\C51S.LIB (?C?LSTKIDATA)
  C:\KEIL\C51\LIB\C51S.LIB (?C?OFFXADD)
  C:\KEIL\C51\LIB\C51S.LIB (?C_INIT)


LINK MAP OF MODULE:  .\Output\2523 (UART)


            TYPE    BASE      LENGTH    RELOCATION   SEGMENT NAME
            -----------------------------------------------------

            * * * * * * *   D A T A   M E M O R Y   * * * * * * *
            REG     0000H     0008H     ABSOLUTE     "REG BANK 0"
            DATA    0008H     0014H     UNIT         ?DT?ACCESS
            DATA    001CH     0002H     UNIT         ?DT?LCD_MAIN
BL51 BANKED LINKER/LOCATER V5.03                                                      11/21/2005  13:47:44  PAGE 2


            IDATA   001EH     0002H     UNIT         ?ID?SRC_CTRL
            DATA    0020H     0001H     BIT_ADDR     ?BA?ACCESS
            BIT     0021H.0   0000H.6   UNIT         ?BI?MODE_DETECT
            BIT     0021H.6   0000H.2   UNIT         ?BI?POWER_CTRL
            BIT     0022H.0   0000H.2   UNIT         ?BI?TIMER
            BIT     0022H.2   0000H.1   UNIT         ?BI?FRAME_SYNC
            BIT     0022H.3   0000H.1   UNIT         ?BI?LCD_AUTO
            BIT     0022H.4   0000H.1   UNIT         ?BI?LCD_MAIN
            BIT     0022H.5   0000H.1   UNIT         ?BI?LCD_MSG
            BIT     0022H.6   0000H.1   UNIT         ?BI?LCD_OSD
            BIT     0022H.7   0000H.1   UNIT         ?BI?SRC_CTRL
            BIT     0023H.0   0000H.1   UNIT         ?BI?ACCESS
            BIT     0023H.1   0000H.1   UNIT         _BIT_GROUP_
                    0023H.2   0000H.6                *** GAP ***
            DATA    0024H     002EH     UNIT         _DATA_GROUP_
            DATA    0052H     0028H     UNIT         ?DT?LCD_FUNC
            IDATA   007AH     0018H     UNIT         ?ID?LCD_FUNC
            IDATA   0092H     0013H     UNIT         ?ID?MODE_DETECT
            IDATA   00A5H     0010H     UNIT         _IDATA_GROUP_
            IDATA   00B5H     0008H     UNIT         ?ID?LCD_AUTO
            IDATA   00BDH     0005H     UNIT         ?ID?FRAME_SYNC
            IDATA   00C2H     0005H     UNIT         ?ID?LCD_MAIN
            IDATA   00C7H     0005H     UNIT         ?ID?LCD_OSD
            IDATA   00CCH     0004H     UNIT         ?ID?LCD_MSG
            IDATA   00D0H     0001H     UNIT         ?ID?TIMER
            IDATA   00D1H     0001H     UNIT         ?STACK

            * * * * * * *  X D A T A   M E M O R Y  * * * * * * *
                    0000H     0F00H                  *** GAP ***
            XDATA   0F00H     0001H     ABSOLUTE     
            XDATA   0F01H     0001H     ABSOLUTE     
            XDATA   0F02H     0001H     ABSOLUTE     
            XDATA   0F03H     0001H     ABSOLUTE     
            XDATA   0F04H     0001H     ABSOLUTE     
            XDATA   0F05H     0001H     ABSOLUTE     
                    0F06H     0002H                  *** GAP ***
            XDATA   0F08H     0001H     ABSOLUTE     
            XDATA   0F09H     0001H     ABSOLUTE     
                    0F0AH     0001H                  *** GAP ***
            XDATA   0F0BH     0001H     ABSOLUTE     
            XDATA   0F0CH     0001H     ABSOLUTE     
                    0F0DH     0003H                  *** GAP ***
            XDATA   0F10H     0001H     ABSOLUTE     
                    0F11H     0007H                  *** GAP ***
            XDATA   0F18H     0001H     ABSOLUTE     
                    0F19H     0007H                  *** GAP ***
            XDATA   0F20H     0001H     ABSOLUTE     
            XDATA   0F21H     0001H     ABSOLUTE     
            XDATA   0F22H     0001H     ABSOLUTE     
            XDATA   0F23H     0001H     ABSOLUTE     
            XDATA   0F24H     0001H     ABSOLUTE     
            XDATA   0F25H     0001H     ABSOLUTE     
            XDATA   0F26H     0001H     ABSOLUTE     
            XDATA   0F27H     0001H     ABSOLUTE     
            XDATA   0F28H     0001H     ABSOLUTE     
            XDATA   0F29H     0001H     ABSOLUTE     
            XDATA   0F2AH     0001H     ABSOLUTE     
BL51 BANKED LINKER/LOCATER V5.03                                                      11/21/2005  13:47:44  PAGE 3


            XDATA   0F2BH     0001H     ABSOLUTE     
            XDATA   0F2CH     0001H     ABSOLUTE     
            XDATA   0F2DH     0001H     ABSOLUTE     
                    0F2EH     0002H                  *** GAP ***
            XDATA   0F30H     0001H     ABSOLUTE     
            XDATA   0F31H     0001H     ABSOLUTE     
            XDATA   0F32H     0001H     ABSOLUTE     
            XDATA   0F33H     0001H     ABSOLUTE     
            XDATA   0F34H     0001H     ABSOLUTE     
            XDATA   0F35H     0001H     ABSOLUTE     
            XDATA   0F36H     0001H     ABSOLUTE     
                    0F37H     0001H                  *** GAP ***
            XDATA   0F38H     0001H     ABSOLUTE     
            XDATA   0F39H     0001H     ABSOLUTE     
            XDATA   0F3AH     0001H     ABSOLUTE     
            XDATA   0F3BH     0001H     ABSOLUTE     
            XDATA   0F3CH     0001H     ABSOLUTE     
            XDATA   0F3DH     0001H     ABSOLUTE     
            XDATA   0F3EH     0001H     ABSOLUTE     
            XDATA   0F3FH     0001H     ABSOLUTE     
            XDATA   0F40H     0001H     ABSOLUTE     
            XDATA   0F41H     0001H     ABSOLUTE     
            XDATA   0F42H     0001H     ABSOLUTE     
            XDATA   0F43H     0001H     ABSOLUTE     
            XDATA   0F44H     0001H     ABSOLUTE     
                    0F45H     0003H                  *** GAP ***
            XDATA   0F48H     0001H     ABSOLUTE     
            XDATA   0F49H     0001H     ABSOLUTE     
                    0F4AH     0006H                  *** GAP ***
            XDATA   0F50H     0001H     ABSOLUTE     
            XDATA   0F51H     0001H     ABSOLUTE     
            XDATA   0F52H     0001H     ABSOLUTE     
            XDATA   0F53H     0001H     ABSOLUTE     
            XDATA   0F54H     0001H     ABSOLUTE     
            XDATA   0F55H     0001H     ABSOLUTE     
            XDATA   0F56H     0001H     ABSOLUTE     
                    0F57H     0001H                  *** GAP ***
            XDATA   0F58H     0001H     ABSOLUTE     
            XDATA   0F59H     0001H     ABSOLUTE     
            XDATA   0F5AH     0001H     ABSOLUTE     
                    0F5BH     0003H                  *** GAP ***
            XDATA   0F5EH     0001H     ABSOLUTE     
            XDATA   0F5FH     0001H     ABSOLUTE     
                    0F60H     0016H                  *** GAP ***
            XDATA   0F76H     0001H     ABSOLUTE     
            XDATA   0F77H     0001H     ABSOLUTE     
                    0F78H     0016H                  *** GAP ***
            XDATA   0F8EH     0001H     ABSOLUTE     

            * * * * * * *   C O D E   M E M O R Y   * * * * * * *
            CODE    0000H     0003H     ABSOLUTE     
            CODE    0003H     0008H     UNIT         ?PR?SRC_CTRL
            CODE    000BH     0003H     ABSOLUTE     
            CODE    000EH     000DH     UNIT         ?PR?INITIAL
            CODE    001BH     0003H     ABSOLUTE     
            CODE    001EH     6438H     UNIT         ?CO?LCD_MAIN
            CODE    6456H     0611H     UNIT         ?PR?INITIAL_MODE?MODE_DETECT
BL51 BANKED LINKER/LOCATER V5.03                                                      11/21/2005  13:47:44  PAGE 4


            CODE    6A67H     0445H     UNIT         ?PR?LCD_OSD
            CODE    6EACH     0398H     UNIT         ?CO?LCD_COEF
            CODE    7244H     0372H     UNIT         ?PR?_AUTO_PHASE_DO?LCD_AUTO
            CODE    75B6H     034EH     UNIT         ?PR?DISPLAY_VGA_SET?MODE_DETECT
            CODE    7904H     030AH     UNIT         ?PR?MODE_DETECT
            CODE    7C0EH     02DCH     UNIT         ?PR?_PAGEFACTORY_LEFT_RIGHT_KEY?LCD_OSD
            CODE    7EEAH     0294H     UNIT         ?PR?_AUTO_CLOCK_DO?LCD_AUTO
            CODE    817EH     0281H     UNIT         ?PR?PAGE4_ENTER_KEY?LCD_OSD
            CODE    83FFH     027FH     UNIT         ?PR?DISPLAY_DVI_SET?MODE_DETECT
            CODE    867EH     025DH     UNIT         ?C?LIB_CODE
            CODE    88DBH     0253H     UNIT         ?PR?AUTO_CONFIG?LCD_AUTO
            CODE    8B2EH     0253H     UNIT         ?PR?DETECT_INPUT_MODE?MODE_DETECT
            CODE    8D81H     024FH     UNIT         ?PR?_PAGE4_LEFT_RIGHT_KEY?LCD_OSD
            CODE    8FD0H     0242H     UNIT         ?PR?_PAGE2_LEFT_RIGHT_KEY?LCD_OSD
            CODE    9212H     023AH     UNIT         ?PR?_OSD_SLIDER?LCD_OSD
            CODE    944CH     0237H     UNIT         ?PR?_RGB_OSD_SLIDER?RGB_ECHO
            CODE    9683H     0216H     UNIT         ?PR?LCD_AUTO
            CODE    9899H     020AH     UNIT         ?PR?SET_CLOCK?LCD_FUNC
            CODE    9AA3H     01CDH     UNIT         ?PR?_SET_DCLK?MODE_DETECT
            CODE    9C70H     01BAH     UNIT         ?PR?PAGE5_ENTER_KEY?LCD_OSD
            CODE    9E2AH     01B3H     UNIT         ?PR?FRAME_SYNC?FRAME_SYNC
            CODE    9FDDH     01B1H     UNIT         ?PR?SHOW_MODE?LCD_OSD
            CODE    A18EH     01A8H     UNIT         ?PR?_SEEK_DVI_MODE?MODE_DETECT
            CODE    A336H     01A4H     UNIT         ?PR?TUNE_BALANCE?LCD_AUTO
            CODE    A4DAH     01A0H     UNIT         ?PR?_OSD_DISPATCHER?LCD_MSG
            CODE    A67AH     0177H     UNIT         ?PR?KEY_TRANS?LCD_MSG
            CODE    A7F1H     016CH     UNIT         ?PR?_VGA_MODE_SEARCH?MODE_DETECT
            CODE    A95DH     0168H     UNIT         ?PR?PAGEFACTORY_ENTER_KEY?LCD_OSD
            CODE    AAC5H     0161H     UNIT         ?PR?_PAGEADC_LEFT_RIGHT_KEY?LCD_OSD
            CODE    AC26H     0152H     UNIT         ?PR?LCD_FUNC
            CODE    AD78H     0151H     UNIT         ?PR?INIT_INPUT_SOURCE?INITIAL
            CODE    AEC9H     0140H     UNIT         ?PR?PARTIAL_DISPLAY?MODE_DETECT
            CODE    B009H     0134H     UNIT         ?PR?_MEASURE_POSITIONV?LCD_AUTO
            CODE    B13DH     012DH     UNIT         ?PR?PAGE1_ENTER_KEY?LCD_OSD
            CODE    B26AH     012CH     UNIT         ?PR?_PAGE1_LEFT_RIGHT_KEY?LCD_OSD
            CODE    B396H     0129H     UNIT         ?PR?FRAME_SYNC_DETECTOR?FRAME_SYNC
            CODE    B4BFH     0128H     UNIT         ?PR?_OSD_WINDOW?LCD_OSD
            CODE    B5E7H     0124H     UNIT         ?PR?SOURCE_AUTO_SCAN?SRC_CTRL
            CODE    B70BH     0122H     UNIT         ?PR?_MEASURE_POSITIONH?LCD_AUTO
            CODE    B82DH     011DH     UNIT         ?PR?_AUTO_POSITION_DO?LCD_AUTO
            CODE    B94AH     011DH     UNIT         ?PR?_SET_PHASE?LCD_FUNC
            CODE    BA67H     0111H     UNIT         ?PR?SET_BRIGHT_CONTRAST?LCD_FUNC
            CODE    BB78H     0111H     UNIT         ?PR?_OSD_PROC?LCD_OSD
            CODE    BC89H     0108H     UNIT         ?PR?_GET_VLD?ACCESS
            CODE    BD91H     0104H     UNIT         ?PR?PAGE2_ENTER_KEY?LCD_OSD
            CODE    BE95H     00EFH     UNIT         ?PR?RESET_MODE?LCD_FUNC
            CODE    BF84H     00ECH     UNIT         ?PR?_SET_PANEL?POWER_CTRL
            CODE    C070H     00E0H     UNIT         ?PR?_LOAD_VLC_FONT?ACCESS
            CODE    C150H     00D5H     UNIT         ?PR?CHECK_INPUT_MODE?MODE_DETECT
            CODE    C225H     00D1H     UNIT         ?C_INITSEG
            CODE    C2F6H     00CCH     UNIT         ?PR?SETADC_GAIN?LCD_FUNC
            CODE    C3C2H     00C4H     UNIT         ?PR?MIN_NOISE_MARGIN?LCD_AUTO
            CODE    C486H     00C1H     UNIT         ?PR?NEW_MODE_AUTO?MODE_DETECT
            CODE    C547H     00C0H     UNIT         ?PR?_MEASURE_COLOR?LCD_AUTO
            CODE    C607H     00B9H     UNIT         ?PR?_SHOWVALUE?LCD_OSD
            CODE    C6C0H     00B7H     UNIT         ?PR?_CALCULATE_IVS2DVS_DELAY?MODE_DETECT
            CODE    C777H     00ABH     UNIT         ?PR?SET_V_POSITION?LCD_FUNC
BL51 BANKED LINKER/LOCATER V5.03                                                      11/21/2005  13:47:44  PAGE 5


            CODE    C822H     00AAH     UNIT         ?PR?ACCESS
            CODE    C8CCH     00A7H     UNIT         ?PR?_SIGNAL_STABLE?LCD_MAIN
            CODE    C973H     00A5H     UNIT         ?PR?_RTDOSDW?ACCESS
            CODE    CA18H     00A2H     UNIT         ?PR?INIT_MUD?LCD_FUNC
            CODE    CABAH     00A1H     UNIT         ?PR?_CHANGE_ADC_GAIN?LCD_AUTO
            CODE    CB5BH     00A1H     UNIT         ?PR?_CHANGE_ADC_OFFSET?LCD_AUTO
            CODE    CBFCH     009BH     UNIT         ?PR?FIRMWARE_INIT?INITIAL
            CODE    CC97H     009BH     UNIT         ?PR?ADJUST_I_CODE?FRAME_SYNC
            CODE    CD32H     0098H     UNIT         ?PR?_PAGE5_LEFT_RIGHT_KEY?LCD_OSD
            CODE    CDCAH     0097H     UNIT         ?PR?INIT_GUD?LCD_FUNC
            CODE    CE61H     008DH     UNIT         ?PR?_OSD_POSITION?LCD_OSD
            CODE    CEEEH     008CH     UNIT         ?PR?_POWER_CONTROL?POWER_CTRL
            CODE    CF7AH     008CH     UNIT         ?C_C51STARTUP
            CODE    D006H     008BH     UNIT         ?PR?_PAGE1B_LEFT_RIGHT_KEY?LCD_OSD
            CODE    D091H     0089H     UNIT         ?PR?_WRITEGAMMA?LCD_FUNC
            CODE    D11AH     0086H     UNIT         ?PR?PAGEADC_ENTER_KEY?LCD_OSD
            CODE    D1A0H     0083H     UNIT         ?PR?FINDCOLOR?LCD_AUTO
            CODE    D223H     0083H     UNIT         ?PR?_GETMAXSUM?LCD_AUTO
            CODE    D2A6H     007EH     UNIT         ?PR?PAGE1B_ENTER_KEY?LCD_OSD
            CODE    D324H     007BH     UNIT         ?PR?SETADC_OFFSET?LCD_FUNC
            CODE    D39FH     007BH     UNIT         ?PR?MAIN?LCD_MAIN
            CODE    D41AH     007BH     UNIT         ?PR?PAGEFACTORY_SHOW?LCD_OSD
            CODE    D495H     0079H     UNIT         ?PR?PAGE2_SHOW?LCD_OSD
            CODE    D50EH     0075H     UNIT         ?PR?_RTDCODEW?ACCESS
            CODE    D583H     0074H     UNIT         ?PR?PAGEADC_SHOW?LCD_OSD
            CODE    D5F7H     0074H     UNIT         ?PR?SHOW_HINT?LCD_OSD
            CODE    D66BH     0072H     UNIT         ?PR?_OSD_FACT_LINE?LCD_OSD
            CODE    D6DDH     0071H     UNIT         ?PR?PAGE4_SHOW?LCD_OSD
            CODE    D74EH     0070H     UNIT         ?PR?_BRIGHT_CONTRAST_ADJUST?LCD_OSD
            CODE    D7BEH     006FH     UNIT         ?PR?BURNIN?LCD_MAIN
            CODE    D82DH     006EH     UNIT         ?PR?_OSD_LINE?LCD_OSD
            CODE    D89BH     006AH     UNIT         ?PR?_VALUE_ADJUST?LCD_OSD
            CODE    D905H     006AH     UNIT         ?PR?_PAGE0_LEFT_RIGHT_KEY?LCD_OSD
            CODE    D96FH     0068H     UNIT         ?PR?RUN_TASK?LCD_MAIN
            CODE    D9D7H     0068H     UNIT         ?PR?OSD_OPENING?LCD_OSD
            CODE    DA3FH     0067H     UNIT         ?PR?INIT_FACTORY?LCD_FUNC
            CODE    DAA6H     0063H     UNIT         ?PR?_WRITESU_COEF?LCD_FUNC
            CODE    DB09H     0063H     UNIT         ?PR?_SPREAD_ADJUST?LCD_OSD
            CODE    DB6CH     0060H     UNIT         ?PR?SET_H_POSITION?LCD_FUNC
            CODE    DBCCH     0060H     UNIT         ?PR?_WAIT_FOR_EVENT?LCD_FUNC
            CODE    DC2CH     005FH     UNIT         ?PR?RESET_RTD?INITIAL
            CODE    DC8BH     005CH     UNIT         ?PR?RGB_EXIT_KEY?RGB_ECHO
            CODE    DCE7H     005AH     UNIT         ?PR?SHARPNESS?LCD_FUNC
            CODE    DD41H     005AH     UNIT         ?PR?_GETNEXTPAGEIDX?LCD_OSD
            CODE    DD9BH     005AH     UNIT         ?PR?_GETPREVPAGEIDX?LCD_OSD
            CODE    DDF5H     0059H     UNIT         ?PR?_SET_CONTRAST_GAIN?LCD_FUNC
            CODE    DE4EH     0059H     UNIT         ?PR?PAGE4B_ENTER_KEY?LCD_OSD
            CODE    DEA7H     0057H     UNIT         ?PR?PAGE1B_SHOW?LCD_OSD
            CODE    DEFEH     0055H     UNIT         ?PR?_TESTSYNC?FRAME_SYNC
            CODE    DF53H     0055H     UNIT         ?PR?_MEASURE_SOURCE?MODE_DETECT
            CODE    DFA8H     0054H     UNIT         ?PR?SHOW_NOTE?LCD_OSD
            CODE    DFFCH     0053H     UNIT         ?PR?WAIT_FINISH?LCD_AUTO
            CODE    E04FH     0053H     UNIT         ?PR?_WRITEDITHER?LCD_FUNC
            CODE    E0A2H     0053H     UNIT         ?PR?_OSD_CHANGE_ITEM?LCD_OSD
            CODE    E0F5H     0052H     UNIT         ?PR?AUTO_BALANCE?LCD_AUTO
            CODE    E147H     0050H     UNIT         ?PR?POWER_UP_INIT?INITIAL
            CODE    E197H     004FH     UNIT         ?PR?_LEFT_RIGHT_KEY_PROCESS?LCD_OSD
BL51 BANKED LINKER/LOCATER V5.03                                                      11/21/2005  13:47:44  PAGE 6


            CODE    E1E6H     004EH     UNIT         ?PR?AUTO_PHASE?LCD_AUTO
            CODE    E234H     004EH     UNIT         ?PR?RGB_ECHO
            CODE    E282H     004CH     UNIT         ?PR?AUTO_POSITION?LCD_AUTO
            CODE    E2CEH     004CH     UNIT         ?PR?PAGE5B_ENTER_KEY?LCD_OSD
            CODE    E31AH     004CH     UNIT         ?PR?OSD_ENDING?LCD_OSD
            CODE    E366H     004BH     UNIT         ?PR?MCU_INIT?INITIAL
            CODE    E3B1H     004BH     UNIT         ?PR?_SHOW_OSD_PAGE?LCD_OSD
            CODE    E3FCH     004AH     UNIT         ?PR?PAGE1_SHOW?LCD_OSD
            CODE    E446H     004AH     UNIT         ?PR?_I2CWRITE?ACCESS
            CODE    E490H     0049H     UNIT         ?PR?PAGE5_SHOW?LCD_OSD
            CODE    E4D9H     0049H     UNIT         ?PR?_RTDWRITE?ACCESS
            CODE    E522H     0048H     UNIT         ?PR?GET_OSD_MARGIN?LCD_OSD
            CODE    E56AH     0045H     UNIT         ?PR?SET_GAMMA?LCD_FUNC
            CODE    E5AFH     0042H     UNIT         ?PR?_SETCOLORGAINOFFSET?LCD_FUNC
            CODE    E5F1H     0042H     UNIT         ?PR?_I2CREAD?ACCESS
            CODE    E633H     0040H     UNIT         ?PR?SYNC_TYPE_SWITCH?MODE_DETECT
            CODE    E673H     003FH     UNIT         ?PR?ENTER_KEY_PROCESS?LCD_OSD
            CODE    E6B2H     003EH     UNIT         ?PR?_PAGE4B_LEFT_RIGHT_KEY?LCD_OSD
            CODE    E6F0H     003EH     UNIT         ?PR?_PAGE5B_LEFT_RIGHT_KEY?LCD_OSD
            CODE    E72EH     0039H     UNIT         ?CO?LCD_FUNC
            CODE    E767H     0039H     UNIT         ?PR?MODE_DETECTOR?MODE_DETECT
            CODE    E7A0H     0038H     UNIT         ?PR?FREE_BACKGROUND?LCD_FUNC
            CODE    E7D8H     0038H     UNIT         ?PR?SHOW_PROCESS?LCD_OSD
            CODE    E810H     0038H     UNIT         ?PR?RGB_LED_LIGHT_CONTROL?RGB_ECHO
            CODE    E848H     0033H     UNIT         ?PR?_SAVE_MUD?LCD_FUNC
            CODE    E87BH     0033H     UNIT         ?PR?CHECK_EEPROM?LCD_FUNC
            CODE    E8AEH     0032H     UNIT         ?PR?SOURCE_CONTROL?SRC_CTRL
            CODE    E8E0H     0031H     UNIT         ?PR?_PAGE1_GOTO_SUBPAGE?LCD_OSD
            CODE    E911H     002FH     UNIT         ?PR?SAVE_GUD4?LCD_FUNC
            CODE    E940H     002EH     UNIT         ?PR?_READ_AUTO_INFO?LCD_AUTO
            CODE    E96EH     002EH     UNIT         ?PR?SAVE_GUD1?LCD_FUNC
            CODE    E99CH     002DH     UNIT         ?PR?POWER_STATUS_INIT?INITIAL
            CODE    E9C9H     002DH     UNIT         ?PR?RTDGETBYTE?ACCESS
            CODE    E9F6H     002CH     UNIT         ?PR?SAVE_GUD0?LCD_FUNC
            CODE    EA22H     002CH     UNIT         ?PR?GETKEYSTATE?LCD_MSG
            CODE    EA4EH     002BH     UNIT         ?PR?INPUT_MODE_DETECTOR?MODE_DETECT
            CODE    EA79H     002AH     UNIT         ?PR?_SET_TASK?LCD_MAIN
            CODE    EAA3H     0029H     UNIT         ?PR?_RTDSETBIT?ACCESS
            CODE    EACCH     0028H     UNIT         ?PR?_I2CGETBYTE?ACCESS
            CODE    EAF4H     0027H     UNIT         ?PR?WAIT_FOR_IVS?LCD_AUTO
            CODE    EB1BH     0027H     UNIT         ?PR?_LOAD_MUD?LCD_FUNC
            CODE    EB42H     0027H     UNIT         ?PR?_OSD_FACT_CLEAR?LCD_OSD
            CODE    EB69H     0027H     UNIT         ?PR?_OSD_CLEAR?LCD_OSD
            CODE    EB90H     0026H     UNIT         ?PR?SAVE_GUD2?LCD_FUNC
            CODE    EBB6H     0026H     UNIT         ?PR?_SUB_PAGE_PROCESS?LCD_OSD
            CODE    EBDCH     0026H     UNIT         ?PR?_OSD_PROC_B?LCD_OSD
            CODE    EC02H     0026H     UNIT         ?PR?INTPROC_TIMER0?TIMER
            CODE    EC28H     0025H     UNIT         ?PR?LOAD_GUD4?LCD_FUNC
            CODE    EC4DH     0025H     UNIT         ?PR?_PAGE4_GOTO_SUBPAGE?LCD_OSD
            CODE    EC72H     0025H     UNIT         ?PR?_PAGE5_GOTO_SUBPAGE?LCD_OSD
            CODE    EC97H     0023H     UNIT         ?PR?ABORTSYNC?FRAME_SYNC
            CODE    ECBAH     0023H     UNIT         ?PR?PAGE6_SHOW?LCD_OSD
            CODE    ECDDH     0023H     UNIT         ?PR?_CHANGE_SOURCE?SRC_CTRL
            CODE    ED00H     0022H     UNIT         ?PR?LOAD_GUD0?LCD_FUNC
            CODE    ED22H     0022H     UNIT         ?PR?LOAD_GUD1?LCD_FUNC
            CODE    ED44H     0022H     UNIT         ?PR?_RTDREAD?ACCESS
            CODE    ED66H     0021H     UNIT         ?PR?BITDLY?ACCESS
BL51 BANKED LINKER/LOCATER V5.03                                                      11/21/2005  13:47:44  PAGE 7


            CODE    ED87H     0020H     UNIT         ?PR?SAVE_GUD3?LCD_FUNC
            CODE    EDA7H     0020H     UNIT         ?PR?INIT_FRECALL?LCD_FUNC
            CODE    EDC7H     0020H     UNIT         ?PR?_LEFT_RIGHT_KEY_B_PROCESS?LCD_OSD
            CODE    EDE7H     001FH     UNIT         ?PR?_INIT_PAGE?LCD_OSD
            CODE    EE06H     001FH     UNIT         ?PR?MEASURE_MODE?MODE_DETECT
            CODE    EE25H     001EH     UNIT         ?PR?INTPROC_TIMER1?TIMER
            CODE    EE43H     001DH     UNIT         ?PR?PAGE0_ENTER_KEY?LCD_OSD
            CODE    EE60H     001DH     UNIT         ?PR?PAGE4B_SHOW?LCD_OSD
            CODE    EE7DH     001DH     UNIT         ?PR?PAGE5B_SHOW?LCD_OSD
            CODE    EE9AH     001CH     UNIT         ?PR?FRAME_SYNC
            CODE    EEB6H     001CH     UNIT         ?PR?SETVOLUME?LCD_FUNC
            CODE    EED2H     001CH     UNIT         ?PR?LOAD_GUD2?LCD_FUNC
            CODE    EEEEH     001CH     UNIT         ?PR?POWERUP_ADC?POWER_CTRL
            CODE    EF0AH     001BH     UNIT         ?PR?_GETBIT?ACCESS
            CODE    EF25H     001AH     UNIT         ?PR?SETMUTE?LCD_FUNC
            CODE    EF3FH     001AH     UNIT         ?PR?_I2CSENDADDR?ACCESS
            CODE    EF59H     001AH     UNIT         ?PR?_RTDSENDADDR?ACCESS
            CODE    EF73H     0019H     UNIT         ?PR?LCD_MSG
            CODE    EF8CH     0018H     UNIT         ?PR?ENTER_KEY_B_PROCESS?LCD_OSD
            CODE    EFA4H     0018H     UNIT         ?PR?SHOW_B_PROCESS?LCD_OSD
            CODE    EFBCH     0017H     UNIT         ?PR?_I2CSENDBYTE?ACCESS
            CODE    EFD3H     0016H     UNIT         ?PR?LOAD_GUD3?LCD_FUNC
            CODE    EFE9H     0016H     UNIT         ?PR?SET_SPREAD?LCD_FUNC
            CODE    EFFFH     0016H     UNIT         ?PR?_RTDSENDBYTE?ACCESS
            CODE    F015H     0015H     UNIT         ?PR?POWERDOWN_ADC?POWER_CTRL
            CODE    F02AH     0015H     UNIT         ?PR?_DELAY_XMS?TIMER
            CODE    F03FH     0014H     UNIT         ?PR?_PAGE6_LEFT_RIGHT_KEY?LCD_OSD
            CODE    F053H     0013H     UNIT         ?PR?PAGE0_LR_KEY?LCD_OSD
            CODE    F066H     0013H     UNIT         ?PR?_RTDSETBYTE?ACCESS
            CODE    F079H     0012H     UNIT         ?PR?SET_DITHERING?LCD_FUNC
            CODE    F08BH     0010H     UNIT         ?PR?LCD_MAIN
            CODE    F09BH     000FH     UNIT         ?PR?I2CSENDSTOP?ACCESS
            CODE    F0AAH     000EH     UNIT         ?PR?_MEASURE_POSITIONN?LCD_AUTO
            CODE    F0B8H     000AH     UNIT         ?CO?LCD_AUTO
            CODE    F0C2H     0009H     UNIT         ?PR?FACTORY_KEY_KEY?LCD_OSD
            CODE    F0CBH     0009H     UNIT         ?PR?FACTORY_KEY_PROCESS?LCD_OSD
            CODE    F0D4H     0007H     UNIT         ?PR?POWERDOWN_TMDS?POWER_CTRL
            CODE    F0DBH     0007H     UNIT         ?PR?POWERUP_TMDS?POWER_CTRL
            CODE    F0E2H     0007H     UNIT         ?PR?POWERDOWN_LVDS?POWER_CTRL
            CODE    F0E9H     0007H     UNIT         ?PR?POWERUP_LVDS?POWER_CTRL
            CODE    F0F0H     0007H     UNIT         ?PR?RTDSENDSTOP?ACCESS
            CODE    F0F7H     0006H     UNIT         ?PR?SETADC_GAINOFFSET?LCD_FUNC
            CODE    F0FDH     0003H     UNIT         ?PR?DETECT_VIDEO_MODE?MODE_DETECT
            CODE    F100H     0003H     UNIT         ?PR?DISPLAY_VIDEO_SET?MODE_DETECT
            CODE    F103H     0001H     UNIT         ?PR?RTD_TEST?LCD_FUNC
            CODE    F104H     0001H     UNIT         ?PR?ISP_CHECK_SUM?LCD_MAIN
            CODE    F105H     0001H     UNIT         ?PR?SYNC_TYPE_CONFIRM?MODE_DETECT
            CODE    F106H     0001H     UNIT         ?PR?CHECK_VIDEO_MODE?MODE_DETECT
            CODE    F107H     0001H     UNIT         ?PR?SET_VIDEO_MODE?MODE_DETECT
            CODE    F108H     0001H     UNIT         ?PR?POWERDOWN_VDC?POWER_CTRL
            CODE    F109H     0001H     UNIT         ?PR?POWERUP_VDC?POWER_CTRL



OVERLAY MAP OF MODULE:   .\Output\2523 (UART)


BL51 BANKED LINKER/LOCATER V5.03                                                      11/21/2005  13:47:44  PAGE 8


SEGMENT                                             BIT_GROUP          DATA_GROUP          IDATA_GROUP
  +--> CALLED SEGMENT                            START    LENGTH     START    LENGTH     START    LENGTH
--------------------------------------------------------------------------------------------------------
?C_C51STARTUP                                    -----    -----      -----    -----      -----    -----
  +--> ?PR?MAIN?LCD_MAIN
  +--> ?C_INITSEG

?PR?MAIN?LCD_MAIN                                -----    -----      -----    -----      00A5H    0001H
  +--> ?PR?FIRMWARE_INIT?INITIAL
  +--> ?PR?POWER_STATUS_INIT?INITIAL
  +--> ?PR?ISP_CHECK_SUM?LCD_MAIN
  +--> ?PR?_DELAY_XMS?TIMER
  +--> ?CO?LCD_MAIN
  +--> ?PR?_RTDCODEW?ACCESS
  +--> ?PR?RGB_LED_LIGHT_CONTROL?RGB_ECHO
  +--> ?PR?RTD_TEST?LCD_FUNC
  +--> ?PR?FRAME_SYNC_DETECTOR?FRAME_SYNC
  +--> ?PR?KEY_TRANS?LCD_MSG
  +--> ?PR?_POWER_CONTROL?POWER_CTRL
  +--> ?PR?SOURCE_CONTROL?SRC_CTRL
  +--> ?PR?INPUT_MODE_DETECTOR?MODE_DETECT
  +--> ?PR?BURNIN?LCD_MAIN
  +--> ?PR?SAVE_GUD3?LCD_FUNC
  +--> ?PR?RUN_TASK?LCD_MAIN
  +--> ?PR?_SIGNAL_STABLE?LCD_MAIN

?PR?FIRMWARE_INIT?INITIAL                        -----    -----      -----    -----      -----    -----
  +--> ?PR?INITIAL
  +--> ?PR?MCU_INIT?INITIAL
  +--> ?PR?_RTDSETBIT?ACCESS
  +--> ?PR?_RTDREAD?ACCESS
  +--> ?CO?LCD_MAIN
  +--> ?PR?_RTDCODEW?ACCESS
  +--> ?PR?_RTDSETBYTE?ACCESS
  +--> ?PR?POWERDOWN_TMDS?POWER_CTRL
  +--> ?PR?POWERDOWN_LVDS?POWER_CTRL
  +--> ?PR?_DELAY_XMS?TIMER
  +--> ?PR?CHECK_EEPROM?LCD_FUNC

?PR?_RTDSETBIT?ACCESS                            -----    -----      -----    -----      -----    -----
  +--> ?PR?_RTDSENDADDR?ACCESS
  +--> ?PR?RTDGETBYTE?ACCESS
  +--> ?PR?RTDSENDSTOP?ACCESS
  +--> ?PR?_RTDSENDBYTE?ACCESS

?PR?_RTDSENDADDR?ACCESS                          -----    -----      -----    -----      -----    -----
  +--> ?PR?_RTDSENDBYTE?ACCESS
  +--> ?PR?ACCESS

?PR?_RTDSENDBYTE?ACCESS                          -----    -----      -----    -----      -----    -----
  +--> ?PR?ACCESS

?PR?ACCESS                                       -----    -----      -----    -----      -----    -----
  +--> ?PR?BITDLY?ACCESS
  +--> ?PR?RTDSENDSTOP?ACCESS

?PR?RTDGETBYTE?ACCESS                            -----    -----      -----    -----      -----    -----
BL51 BANKED LINKER/LOCATER V5.03                                                      11/21/2005  13:47:44  PAGE 9


  +--> ?PR?ACCESS

?PR?_RTDREAD?ACCESS                              -----    -----      -----    -----      -----    -----
  +--> ?PR?_RTDSENDADDR?ACCESS
  +--> ?PR?RTDGETBYTE?ACCESS
  +--> ?PR?RTDSENDSTOP?ACCESS

?PR?_RTDCODEW?ACCESS                             -----    -----      0030H    0002H      -----    -----
  +--> ?PR?ACCESS
  +--> ?PR?_RTDSENDBYTE?ACCESS
  +--> ?PR?RTDSENDSTOP?ACCESS

?PR?_RTDSETBYTE?ACCESS                           -----    -----      -----    -----      -----    -----
  +--> ?PR?_RTDSENDADDR?ACCESS
  +--> ?PR?_RTDSENDBYTE?ACCESS
  +--> ?PR?RTDSENDSTOP?ACCESS

?PR?POWERDOWN_TMDS?POWER_CTRL                    -----    -----      -----    -----      -----    -----
  +--> ?PR?_RTDSETBYTE?ACCESS

?PR?POWERDOWN_LVDS?POWER_CTRL                    -----    -----      -----    -----      -----    -----
  +--> ?CO?LCD_MAIN
  +--> ?PR?_RTDCODEW?ACCESS

?PR?CHECK_EEPROM?LCD_FUNC                        -----    -----      -----    -----      -----    -----
  +--> ?PR?_I2CREAD?ACCESS
  +--> ?CO?LCD_FUNC
  +--> ?PR?_DELAY_XMS?TIMER
  +--> ?PR?INIT_GUD?LCD_FUNC
  +--> ?PR?INIT_MUD?LCD_FUNC
  +--> ?PR?LOAD_GUD0?LCD_FUNC
  +--> ?PR?LOAD_GUD1?LCD_FUNC
  +--> ?PR?LOAD_GUD2?LCD_FUNC
  +--> ?PR?LOAD_GUD3?LCD_FUNC
  +--> ?PR?LOAD_GUD4?LCD_FUNC

?PR?_I2CREAD?ACCESS                              -----    -----      0029H    0003H      -----    -----
  +--> ?PR?_I2CSENDADDR?ACCESS
  +--> ?PR?_I2CGETBYTE?ACCESS
  +--> ?PR?I2CSENDSTOP?ACCESS

?PR?_I2CSENDADDR?ACCESS                          -----    -----      -----    -----      -----    -----
  +--> ?PR?BITDLY?ACCESS
  +--> ?PR?_I2CSENDBYTE?ACCESS

?PR?_I2CSENDBYTE?ACCESS                          -----    -----      -----    -----      -----    -----
  +--> ?PR?ACCESS
  +--> ?PR?BITDLY?ACCESS

?PR?_I2CGETBYTE?ACCESS                           -----    -----      -----    -----      -----    -----
  +--> ?PR?BITDLY?ACCESS
  +--> ?PR?ACCESS

?PR?I2CSENDSTOP?ACCESS                           -----    -----      -----    -----      -----    -----
  +--> ?PR?BITDLY?ACCESS

?PR?INIT_GUD?LCD_FUNC                            -----    -----      -----    -----      -----    -----
BL51 BANKED LINKER/LOCATER V5.03                                                      11/21/2005  13:47:44  PAGE 10


  +--> ?PR?LCD_FUNC
  +--> ?CO?LCD_FUNC
  +--> ?PR?_DELAY_XMS?TIMER
  +--> ?PR?_I2CWRITE?ACCESS

?PR?LCD_FUNC                                     -----    -----      -----    -----      -----    -----
  +--> ?CO?LCD_FUNC

?PR?_I2CWRITE?ACCESS                             -----    -----      0032H    0005H      -----    -----
  +--> ?PR?_I2CSENDADDR?ACCESS
  +--> ?PR?_I2CSENDBYTE?ACCESS
  +--> ?PR?I2CSENDSTOP?ACCESS

?PR?INIT_MUD?LCD_FUNC                            -----    -----      0029H    0001H      -----    -----
  +--> ?PR?_I2CWRITE?ACCESS
  +--> ?PR?_DELAY_XMS?TIMER
  +--> ?PR?LCD_FUNC

?PR?LOAD_GUD0?LCD_FUNC                           -----    -----      -----    -----      -----    -----
  +--> ?PR?_I2CREAD?ACCESS

?PR?LOAD_GUD1?LCD_FUNC                           -----    -----      -----    -----      -----    -----
  +--> ?PR?_I2CREAD?ACCESS

?PR?LOAD_GUD2?LCD_FUNC                           -----    -----      -----    -----      -----    -----
  +--> ?PR?_I2CREAD?ACCESS

?PR?LOAD_GUD3?LCD_FUNC                           -----    -----      -----    -----      -----    -----
  +--> ?PR?_I2CREAD?ACCESS

?PR?LOAD_GUD4?LCD_FUNC                           -----    -----      -----    -----      -----    -----
  +--> ?PR?_I2CREAD?ACCESS

?PR?POWER_STATUS_INIT?INITIAL                    -----    -----      -----    -----      -----    -----
  +--> ?PR?SAVE_GUD3?LCD_FUNC
  +--> ?PR?POWER_UP_INIT?INITIAL
  +--> ?PR?MEASURE_MODE?MODE_DETECT
  +--> ?PR?_SET_TASK?LCD_MAIN

?PR?SAVE_GUD3?LCD_FUNC                           -----    -----      -----    -----      -----    -----
  +--> ?PR?LCD_FUNC
  +--> ?PR?_I2CWRITE?ACCESS
  +--> ?PR?_DELAY_XMS?TIMER

?PR?POWER_UP_INIT?INITIAL                        -----    -----      -----    -----      -----    -----
  +--> ?PR?_RTDSETBIT?ACCESS
  +--> ?PR?RESET_RTD?INITIAL
  +--> ?PR?INITIAL
  +--> ?PR?_RTDSETBYTE?ACCESS
  +--> ?PR?POWERDOWN_LVDS?POWER_CTRL
  +--> ?PR?INIT_INPUT_SOURCE?INITIAL

?PR?RESET_RTD?INITIAL                            -----    -----      -----    -----      -----    -----
  +--> ?CO?LCD_MAIN
  +--> ?PR?_RTDCODEW?ACCESS
  +--> ?PR?_RTDSETBYTE?ACCESS
  +--> ?PR?_RTDSETBIT?ACCESS
BL51 BANKED LINKER/LOCATER V5.03                                                      11/21/2005  13:47:44  PAGE 11


  +--> ?PR?_RTDOSDW?ACCESS
  +--> ?PR?SET_GAMMA?LCD_FUNC
  +--> ?PR?SET_DITHERING?LCD_FUNC
  +--> ?PR?SET_BRIGHT_CONTRAST?LCD_FUNC

?PR?_RTDOSDW?ACCESS                              -----    -----      002FH    0002H      -----    -----
  +--> ?PR?ACCESS
  +--> ?PR?_RTDSENDBYTE?ACCESS
  +--> ?PR?RTDSENDSTOP?ACCESS

?PR?SET_GAMMA?LCD_FUNC                           -----    -----      -----    -----      -----    -----
  +--> ?CO?LCD_MAIN
  +--> ?PR?_WRITEGAMMA?LCD_FUNC
  +--> ?PR?_RTDSETBIT?ACCESS

?PR?_WRITEGAMMA?LCD_FUNC                         -----    -----      0029H    0007H      -----    -----
  +--> ?PR?_RTDSETBIT?ACCESS
  +--> ?PR?_RTDSENDADDR?ACCESS
  +--> ?PR?LCD_FUNC
  +--> ?PR?_RTDSENDBYTE?ACCESS

?PR?SET_DITHERING?LCD_FUNC                       -----    -----      -----    -----      -----    -----
  +--> ?CO?LCD_COEF
  +--> ?PR?_WRITEDITHER?LCD_FUNC
  +--> ?PR?_RTDSETBIT?ACCESS

?PR?_WRITEDITHER?LCD_FUNC                        0023H.1  0000H.1    0028H    0003H      -----    -----
  +--> ?PR?_RTDSETBIT?ACCESS
  +--> ?PR?_RTDSENDADDR?ACCESS
  +--> ?PR?_RTDSENDBYTE?ACCESS
  +--> ?PR?LCD_FUNC

?PR?SET_BRIGHT_CONTRAST?LCD_FUNC                 -----    -----      -----    -----      -----    -----
  +--> ?PR?LCD_FUNC
  +--> ?PR?_RTDWRITE?ACCESS

?PR?_RTDWRITE?ACCESS                             -----    -----      -----    -----      -----    -----
  +--> ?PR?_RTDSENDADDR?ACCESS
  +--> ?PR?_RTDSENDBYTE?ACCESS
  +--> ?PR?RTDSENDSTOP?ACCESS

?PR?INIT_INPUT_SOURCE?INITIAL                    -----    -----      -----    -----      -----    -----
  +--> ?PR?POWERDOWN_ADC?POWER_CTRL
  +--> ?PR?POWERUP_VDC?POWER_CTRL
  +--> ?PR?POWERUP_TMDS?POWER_CTRL
  +--> ?PR?_RTDSETBIT?ACCESS
  +--> ?PR?SETADC_GAINOFFSET?LCD_FUNC
  +--> ?CO?LCD_MAIN
  +--> ?PR?_RTDCODEW?ACCESS
  +--> ?PR?_DELAY_XMS?TIMER
  +--> ?PR?_I2CWRITE?ACCESS
  +--> ?PR?_I2CREAD?ACCESS
  +--> ?PR?SETVOLUME?LCD_FUNC

?PR?POWERDOWN_ADC?POWER_CTRL                     -----    -----      -----    -----      -----    -----
  +--> ?PR?_RTDSETBYTE?ACCESS

BL51 BANKED LINKER/LOCATER V5.03                                                      11/21/2005  13:47:44  PAGE 12


?PR?POWERUP_TMDS?POWER_CTRL                      -----    -----      -----    -----      -----    -----
  +--> ?PR?_RTDSETBYTE?ACCESS

?PR?SETADC_GAINOFFSET?LCD_FUNC                   -----    -----      -----    -----      -----    -----
  +--> ?PR?SETADC_GAIN?LCD_FUNC
  +--> ?PR?SETADC_OFFSET?LCD_FUNC

?PR?SETADC_GAIN?LCD_FUNC                         -----    -----      0031H    0003H      -----    -----
  +--> ?PR?LCD_FUNC
  +--> ?PR?_SET_CONTRAST_GAIN?LCD_FUNC
  +--> ?PR?_SETCOLORGAINOFFSET?LCD_FUNC

?PR?_SETCOLORGAINOFFSET?LCD_FUNC                 -----    -----      0034H    0003H      -----    -----
  +--> ?PR?_RTDSETBYTE?ACCESS

?PR?SETADC_OFFSET?LCD_FUNC                       -----    -----      0031H    0003H      -----    -----
  +--> ?PR?LCD_FUNC
  +--> ?PR?_SETCOLORGAINOFFSET?LCD_FUNC

?PR?SETVOLUME?LCD_FUNC                           -----    -----      -----    -----      -----    -----
  +--> ?PR?LCD_FUNC
  +--> ?PR?_RTDWRITE?ACCESS

?PR?MEASURE_MODE?MODE_DETECT                     -----    -----      -----    -----      -----    -----
  +--> ?PR?_RTDSETBYTE?ACCESS

?PR?_SET_TASK?LCD_MAIN                           -----    -----      -----    -----      -----    -----
  +--> ?PR?LCD_MAIN

?PR?RGB_LED_LIGHT_CONTROL?RGB_ECHO               -----    -----      -----    -----      -----    -----
  +--> ?PR?SETMUTE?LCD_FUNC

?PR?SETMUTE?LCD_FUNC                             0023H.1  0000H.1    -----    -----      -----    -----

?PR?FRAME_SYNC_DETECTOR?FRAME_SYNC               -----    -----      -----    -----      -----    -----
  +--> ?PR?_RTDSETBYTE?ACCESS
  +--> ?PR?_RTDSETBIT?ACCESS
  +--> ?PR?_DELAY_XMS?TIMER
  +--> ?PR?_RTDREAD?ACCESS
  +--> ?PR?ADJUST_I_CODE?FRAME_SYNC
  +--> ?PR?RESET_MODE?LCD_FUNC
  +--> ?PR?_SET_TASK?LCD_MAIN

?PR?RESET_MODE?LCD_FUNC                          -----    -----      0028H    0001H      -----    -----
  +--> ?PR?_RTDSETBYTE?ACCESS
  +--> ?PR?_RTDSETBIT?ACCESS
  +--> ?PR?FREE_BACKGROUND?LCD_FUNC
  +--> ?CO?LCD_MAIN
  +--> ?PR?_RTDOSDW?ACCESS
  +--> ?PR?_RTDREAD?ACCESS
  +--> ?PR?_DELAY_XMS?TIMER
  +--> ?PR?_RTDCODEW?ACCESS
  +--> ?PR?_I2CWRITE?ACCESS

?PR?FREE_BACKGROUND?LCD_FUNC                     -----    -----      -----    -----      -----    -----
  +--> ?CO?LCD_MAIN
  +--> ?PR?_RTDCODEW?ACCESS
BL51 BANKED LINKER/LOCATER V5.03                                                      11/21/2005  13:47:44  PAGE 13


  +--> ?PR?_RTDSETBYTE?ACCESS
  +--> ?PR?_RTDSETBIT?ACCESS

?PR?KEY_TRANS?LCD_MSG                            -----    -----      0024H    0001H      -----    -----
  +--> ?PR?GETKEYSTATE?LCD_MSG
  +--> ?PR?SAVE_GUD3?LCD_FUNC
  +--> ?PR?LCD_MSG
  +--> ?PR?_DELAY_XMS?TIMER

?PR?_POWER_CONTROL?POWER_CTRL                    -----    -----      0024H    0001H      -----    -----
  +--> ?PR?POWER_UP_INIT?INITIAL
  +--> ?PR?ISP_CHECK_SUM?LCD_MAIN
  +--> ?PR?MEASURE_MODE?MODE_DETECT
  +--> ?PR?_SET_TASK?LCD_MAIN
  +--> ?PR?SAVE_GUD1?LCD_FUNC
  +--> ?PR?_DELAY_XMS?TIMER
  +--> ?PR?_SET_PANEL?POWER_CTRL
  +--> ?PR?SETMUTE?LCD_FUNC
  +--> ?PR?_RTDSETBYTE?ACCESS
  +--> ?CO?LCD_MAIN
  +--> ?PR?_I2CWRITE?ACCESS
  +--> ?PR?POWERDOWN_ADC?POWER_CTRL
  +--> ?PR?POWERDOWN_VDC?POWER_CTRL
  +--> ?PR?POWERDOWN_TMDS?POWER_CTRL

?PR?SAVE_GUD1?LCD_FUNC                           -----    -----      -----    -----      -----    -----
  +--> ?PR?_I2CWRITE?ACCESS
  +--> ?PR?_DELAY_XMS?TIMER

?PR?_SET_PANEL?POWER_CTRL                        -----    -----      -----    -----      -----    -----
  +--> ?PR?POWERUP_LVDS?POWER_CTRL
  +--> ?PR?_DELAY_XMS?TIMER
  +--> ?PR?_RTDSETBYTE?ACCESS
  +--> ?PR?_RTDSETBIT?ACCESS
  +--> ?CO?LCD_MAIN
  +--> ?PR?_LOAD_VLC_FONT?ACCESS
  +--> ?PR?_RTDOSDW?ACCESS
  +--> ?PR?POWERDOWN_LVDS?POWER_CTRL

?PR?POWERUP_LVDS?POWER_CTRL                      -----    -----      -----    -----      -----    -----
  +--> ?CO?LCD_MAIN
  +--> ?PR?_RTDCODEW?ACCESS

?PR?_LOAD_VLC_FONT?ACCESS                        -----    -----      002AH    000AH      00A6H    0003H
  +--> ?PR?ACCESS
  +--> ?PR?_RTDSENDBYTE?ACCESS
  +--> ?PR?_GET_VLD?ACCESS
  +--> ?PR?RTDSENDSTOP?ACCESS

?PR?_GET_VLD?ACCESS                              0023H.1  0000H.1    0034H    0003H      -----    -----
  +--> ?PR?ACCESS
  +--> ?PR?_GETBIT?ACCESS

?PR?_GETBIT?ACCESS                               -----    -----      -----    -----      -----    -----
  +--> ?PR?ACCESS

?PR?SOURCE_CONTROL?SRC_CTRL                      -----    -----      -----    -----      -----    -----
BL51 BANKED LINKER/LOCATER V5.03                                                      11/21/2005  13:47:44  PAGE 14


  +--> ?PR?SAVE_GUD1?LCD_FUNC
  +--> ?PR?RESET_MODE?LCD_FUNC
  +--> ?PR?INIT_INPUT_SOURCE?INITIAL
  +--> ?PR?MEASURE_MODE?MODE_DETECT
  +--> ?PR?_SET_TASK?LCD_MAIN

?PR?INPUT_MODE_DETECTOR?MODE_DETECT              -----    -----      -----    -----      -----    -----
  +--> ?PR?_RTDREAD?ACCESS
  +--> ?PR?SOURCE_AUTO_SCAN?SRC_CTRL
  +--> ?PR?_SET_TASK?LCD_MAIN

?PR?SOURCE_AUTO_SCAN?SRC_CTRL                    -----    -----      -----    -----      -----    -----
  +--> ?PR?MODE_DETECTOR?MODE_DETECT
  +--> ?PR?_MEASURE_SOURCE?MODE_DETECT
  +--> ?PR?_RTDREAD?ACCESS
  +--> ?PR?_RTDSETBYTE?ACCESS
  +--> ?PR?SRC_CTRL
  +--> ?PR?_I2CREAD?ACCESS

?PR?MODE_DETECTOR?MODE_DETECT                    -----    -----      -----    -----      -----    -----
  +--> ?PR?DETECT_INPUT_MODE?MODE_DETECT
  +--> ?PR?CHECK_INPUT_MODE?MODE_DETECT
  +--> ?PR?DETECT_VIDEO_MODE?MODE_DETECT
  +--> ?PR?CHECK_VIDEO_MODE?MODE_DETECT
  +--> ?PR?MEASURE_MODE?MODE_DETECT

?PR?DETECT_INPUT_MODE?MODE_DETECT                -----    -----      0024H    0003H      -----    -----
  +--> ?PR?_RTDREAD?ACCESS
  +--> ?PR?_RTDSETBYTE?ACCESS
  +--> ?PR?MODE_DETECT
  +--> ?PR?_VGA_MODE_SEARCH?MODE_DETECT
  +--> ?PR?PARTIAL_DISPLAY?MODE_DETECT
  +--> ?PR?_SEEK_DVI_MODE?MODE_DETECT
  +--> ?PR?SYNC_TYPE_SWITCH?MODE_DETECT
  +--> ?PR?SYNC_TYPE_CONFIRM?MODE_DETECT
  +--> ?CO?LCD_MAIN
  +--> ?PR?_RTDOSDW?ACCESS
  +--> ?PR?DISPLAY_VGA_SET?MODE_DETECT
  +--> ?PR?DISPLAY_DVI_SET?MODE_DETECT

?PR?MODE_DETECT                                  -----    -----      -----    -----      -----    -----
  +--> ?CO?LCD_MAIN

?PR?_VGA_MODE_SEARCH?MODE_DETECT                 -----    -----      0027H    0002H      -----    -----
  +--> ?PR?MODE_DETECT

?PR?PARTIAL_DISPLAY?MODE_DETECT                  -----    -----      0029H    0001H      -----    -----
  +--> ?PR?MODE_DETECT
  +--> ?CO?LCD_MAIN

?PR?_SEEK_DVI_MODE?MODE_DETECT                   -----    -----      0027H    0002H      -----    -----
  +--> ?PR?_RTDSETBYTE?ACCESS
  +--> ?PR?_DELAY_XMS?TIMER
  +--> ?PR?_RTDREAD?ACCESS
  +--> ?PR?MODE_DETECT
  +--> ?CO?LCD_MAIN
  +--> ?PR?PARTIAL_DISPLAY?MODE_DETECT
BL51 BANKED LINKER/LOCATER V5.03                                                      11/21/2005  13:47:44  PAGE 15



?PR?SYNC_TYPE_SWITCH?MODE_DETECT                 -----    -----      -----    -----      -----    -----
  +--> ?CO?LCD_MAIN
  +--> ?PR?_RTDCODEW?ACCESS

?PR?DISPLAY_VGA_SET?MODE_DETECT                  -----    -----      0027H    0001H      -----    -----
  +--> ?PR?INITIAL_MODE?MODE_DETECT
  +--> ?PR?SHARPNESS?LCD_FUNC
  +--> ?PR?_RTDSETBIT?ACCESS
  +--> ?PR?POWERDOWN_ADC?POWER_CTRL
  +--> ?PR?SETADC_GAINOFFSET?LCD_FUNC
  +--> ?PR?SET_GAMMA?LCD_FUNC
  +--> ?PR?SET_DITHERING?LCD_FUNC
  +--> ?PR?SET_BRIGHT_CONTRAST?LCD_FUNC
  +--> ?PR?_LOAD_MUD?LCD_FUNC
  +--> ?PR?SET_CLOCK?LCD_FUNC
  +--> ?PR?_DELAY_XMS?TIMER
  +--> ?PR?_RTDSETBYTE?ACCESS
  +--> ?PR?ADJUST_I_CODE?FRAME_SYNC
  +--> ?PR?_I2CREAD?ACCESS
  +--> ?PR?MODE_DETECT
  +--> ?PR?_RTDWRITE?ACCESS
  +--> ?PR?SET_H_POSITION?LCD_FUNC
  +--> ?PR?_SET_PHASE?LCD_FUNC
  +--> ?PR?_RTDREAD?ACCESS
  +--> ?CO?LCD_MAIN
  +--> ?PR?SET_V_POSITION?LCD_FUNC
  +--> ?PR?FRAME_SYNC?FRAME_SYNC

?PR?INITIAL_MODE?MODE_DETECT                     -----    -----      0028H    0003H      -----    -----
  +--> ?PR?_RTDSETBIT?ACCESS
  +--> ?PR?MODE_DETECT
  +--> ?CO?LCD_MAIN
  +--> ?PR?_RTDSETBYTE?ACCESS
  +--> ?PR?_RTDWRITE?ACCESS
  +--> ?PR?_SET_DCLK?MODE_DETECT
  +--> ?PR?_CALCULATE_IVS2DVS_DELAY?MODE_DETECT

?PR?_SET_DCLK?MODE_DETECT                        -----    -----      002BH    0002H      -----    -----
  +--> ?PR?MODE_DETECT
  +--> ?PR?_RTDWRITE?ACCESS
  +--> ?PR?_RTDSETBYTE?ACCESS
  +--> ?PR?_RTDSETBIT?ACCESS

?PR?_CALCULATE_IVS2DVS_DELAY?MODE_DETECT         -----    -----      002BH    0004H      -----    -----
  +--> ?PR?_RTDSETBYTE?ACCESS
  +--> ?PR?MODE_DETECT

?PR?SHARPNESS?LCD_FUNC                           -----    -----      -----    -----      -----    -----
  +--> ?PR?_RTDSETBYTE?ACCESS
  +--> ?CO?LCD_COEF
  +--> ?PR?_WRITESU_COEF?LCD_FUNC

?PR?_WRITESU_COEF?LCD_FUNC                       -----    -----      0029H    0005H      -----    -----
  +--> ?PR?LCD_FUNC
  +--> ?PR?_RTDSETBIT?ACCESS
  +--> ?PR?_RTDSENDADDR?ACCESS
BL51 BANKED LINKER/LOCATER V5.03                                                      11/21/2005  13:47:44  PAGE 16


  +--> ?PR?_RTDSENDBYTE?ACCESS

?PR?_LOAD_MUD?LCD_FUNC                           -----    -----      -----    -----      -----    -----
  +--> ?PR?_I2CREAD?ACCESS

?PR?SET_CLOCK?LCD_FUNC                           -----    -----      0040H    000BH      -----    -----
  +--> ?PR?LCD_FUNC
  +--> ?PR?_RTDSETBYTE?ACCESS
  +--> ?PR?_WAIT_FOR_EVENT?LCD_FUNC
  +--> ?PR?_RTDWRITE?ACCESS
  +--> ?PR?POWERUP_ADC?POWER_CTRL
  +--> ?PR?_DELAY_XMS?TIMER
  +--> ?PR?_RTDSETBIT?ACCESS

?PR?_WAIT_FOR_EVENT?LCD_FUNC                     -----    -----      004FH    0003H      -----    -----
  +--> ?PR?_RTDSETBYTE?ACCESS
  +--> ?PR?_RTDREAD?ACCESS

?PR?POWERUP_ADC?POWER_CTRL                       -----    -----      -----    -----      -----    -----
  +--> ?PR?_RTDSETBYTE?ACCESS

?PR?SET_H_POSITION?LCD_FUNC                      -----    -----      -----    -----      -----    -----
  +--> ?PR?_WAIT_FOR_EVENT?LCD_FUNC
  +--> ?PR?LCD_FUNC
  +--> ?PR?_RTDWRITE?ACCESS
  +--> ?PR?_RTDSETBYTE?ACCESS

?PR?_SET_PHASE?LCD_FUNC                          -----    -----      0047H    0008H      -----    -----
  +--> ?PR?LCD_FUNC
  +--> ?PR?_WAIT_FOR_EVENT?LCD_FUNC
  +--> ?PR?_RTDSETBYTE?ACCESS
  +--> ?PR?_DELAY_XMS?TIMER

?PR?SET_V_POSITION?LCD_FUNC                      -----    -----      0034H    0004H      -----    -----
  +--> ?PR?_RTDSETBIT?ACCESS
  +--> ?PR?_RTDSETBYTE?ACCESS
  +--> ?PR?LCD_FUNC
  +--> ?PR?_WAIT_FOR_EVENT?LCD_FUNC
  +--> ?PR?_RTDWRITE?ACCESS

?PR?FRAME_SYNC?FRAME_SYNC                        -----    -----      -----    -----      00A6H    0006H
  +--> ?PR?_RTDREAD?ACCESS
  +--> ?PR?_RTDSETBYTE?ACCESS
  +--> ?PR?FRAME_SYNC
  +--> ?PR?_TESTSYNC?FRAME_SYNC
  +--> ?PR?_RTDSETBIT?ACCESS
  +--> ?CO?LCD_MAIN

?PR?_TESTSYNC?FRAME_SYNC                         -----    -----      0028H    0002H      -----    -----
  +--> ?PR?_RTDSETBYTE?ACCESS
  +--> ?PR?_RTDSETBIT?ACCESS
  +--> ?PR?_WAIT_FOR_EVENT?LCD_FUNC
  +--> ?PR?_RTDREAD?ACCESS
  +--> ?PR?ABORTSYNC?FRAME_SYNC

?PR?ABORTSYNC?FRAME_SYNC                         -----    -----      -----    -----      -----    -----
  +--> ?PR?_RTDWRITE?ACCESS
BL51 BANKED LINKER/LOCATER V5.03                                                      11/21/2005  13:47:44  PAGE 17


  +--> ?PR?_RTDSETBIT?ACCESS

?PR?DISPLAY_DVI_SET?MODE_DETECT                  -----    -----      0027H    0001H      -----    -----
  +--> ?PR?INITIAL_MODE?MODE_DETECT
  +--> ?PR?MODE_DETECT
  +--> ?PR?_LOAD_MUD?LCD_FUNC
  +--> ?PR?SET_GAMMA?LCD_FUNC
  +--> ?PR?SET_DITHERING?LCD_FUNC
  +--> ?PR?SET_BRIGHT_CONTRAST?LCD_FUNC
  +--> ?PR?SHARPNESS?LCD_FUNC
  +--> ?PR?_RTDWRITE?ACCESS
  +--> ?PR?_DELAY_XMS?TIMER
  +--> ?PR?_RTDSETBYTE?ACCESS
  +--> ?PR?RESET_MODE?LCD_FUNC
  +--> ?PR?_RTDREAD?ACCESS
  +--> ?PR?_WAIT_FOR_EVENT?LCD_FUNC
  +--> ?PR?FRAME_SYNC?FRAME_SYNC
  +--> ?PR?_RTDSETBIT?ACCESS

?PR?CHECK_INPUT_MODE?MODE_DETECT                 -----    -----      -----    -----      -----    -----
  +--> ?PR?_RTDREAD?ACCESS
  +--> ?PR?MODE_DETECT
  +--> ?PR?_RTDSETBYTE?ACCESS
  +--> ?PR?RESET_MODE?LCD_FUNC

?PR?DETECT_VIDEO_MODE?MODE_DETECT                -----    -----      -----    -----      -----    -----
  +--> ?PR?DISPLAY_VIDEO_SET?MODE_DETECT

?PR?DISPLAY_VIDEO_SET?MODE_DETECT                -----    -----      -----    -----      -----    -----
  +--> ?PR?SET_VIDEO_MODE?MODE_DETECT

?PR?_MEASURE_SOURCE?MODE_DETECT                  -----    -----      -----    -----      -----    -----
  +--> ?PR?_RTDSETBYTE?ACCESS
  +--> ?CO?LCD_MAIN
  +--> ?PR?_I2CWRITE?ACCESS
  +--> ?PR?_DELAY_XMS?TIMER

?PR?BURNIN?LCD_MAIN                              -----    -----      0024H    0001H      -----    -----
  +--> ?PR?FREE_BACKGROUND?LCD_FUNC
  +--> ?PR?_WAIT_FOR_EVENT?LCD_FUNC
  +--> ?CO?LCD_MAIN
  +--> ?PR?_RTDSETBIT?ACCESS
  +--> ?PR?_RTDSETBYTE?ACCESS

?PR?_SIGNAL_STABLE?LCD_MAIN                      -----    -----      -----    -----      -----    -----
  +--> ?PR?_OSD_DISPATCHER?LCD_MSG
  +--> ?PR?RESET_MODE?LCD_FUNC
  +--> ?PR?_SET_TASK?LCD_MAIN
  +--> ?PR?_SET_PANEL?POWER_CTRL
  +--> ?PR?_RTDSETBIT?ACCESS
  +--> ?PR?NEW_MODE_AUTO?MODE_DETECT
  +--> ?PR?_RTDSETBYTE?ACCESS
  +--> ?PR?SETMUTE?LCD_FUNC
  +--> ?PR?POWERDOWN_ADC?POWER_CTRL
  +--> ?PR?_DELAY_XMS?TIMER

?PR?_OSD_DISPATCHER?LCD_MSG                      -----    -----      0024H    0002H      -----    -----
BL51 BANKED LINKER/LOCATER V5.03                                                      11/21/2005  13:47:44  PAGE 18


  +--> ?PR?_RTDOSDW?ACCESS
  +--> ?PR?_RTDSETBIT?ACCESS
  +--> ?PR?SHOW_NOTE?LCD_OSD
  +--> ?PR?SHOW_HINT?LCD_OSD
  +--> ?PR?LCD_MSG
  +--> ?CO?LCD_MAIN
  +--> ?PR?_CHANGE_SOURCE?SRC_CTRL
  +--> ?PR?_OSD_PROC?LCD_OSD
  +--> ?PR?OSD_OPENING?LCD_OSD
  +--> ?PR?_RTDSETBYTE?ACCESS
  +--> ?PR?OSD_ENDING?LCD_OSD
  +--> ?PR?_RTDCODEW?ACCESS

?PR?SHOW_NOTE?LCD_OSD                            -----    -----      -----    -----      -----    -----
  +--> ?PR?_RTDSETBYTE?ACCESS
  +--> ?PR?LCD_OSD
  +--> ?PR?_RTDSETBIT?ACCESS
  +--> ?PR?_OSD_POSITION?LCD_OSD
  +--> ?CO?LCD_MAIN
  +--> ?PR?_RTDOSDW?ACCESS

?PR?LCD_OSD                                      -----    -----      -----    -----      -----    -----
  +--> ?CO?LCD_MAIN
  +--> ?PR?_BRIGHT_CONTRAST_ADJUST?LCD_OSD

?PR?_OSD_POSITION?LCD_OSD                        -----    -----      002FH    0001H      -----    -----
  +--> ?PR?GET_OSD_MARGIN?LCD_OSD
  +--> ?PR?SAVE_GUD1?LCD_FUNC
  +--> ?PR?_WAIT_FOR_EVENT?LCD_FUNC
  +--> ?PR?LCD_OSD
  +--> ?PR?_RTDWRITE?ACCESS

?PR?GET_OSD_MARGIN?LCD_OSD                       -----    -----      0030H    0002H      -----    -----
  +--> ?PR?LCD_OSD
  +--> ?PR?_RTDREAD?ACCESS

?PR?SHOW_HINT?LCD_OSD                            -----    -----      -----    -----      -----    -----
  +--> ?PR?_RTDSETBYTE?ACCESS
  +--> ?PR?LCD_OSD
  +--> ?PR?_RTDSETBIT?ACCESS
  +--> ?CO?LCD_MAIN
  +--> ?PR?_RTDOSDW?ACCESS

?PR?_OSD_PROC?LCD_OSD                            -----    -----      0026H    0001H      -----    -----
  +--> ?PR?_SUB_PAGE_PROCESS?LCD_OSD
  +--> ?PR?LCD_OSD
  +--> ?CO?LCD_MAIN
  +--> ?PR?_RTDOSDW?ACCESS
  +--> ?PR?_OSD_POSITION?LCD_OSD
  +--> ?PR?_RTDSETBIT?ACCESS
  +--> ?PR?SET_H_POSITION?LCD_FUNC
  +--> ?PR?SET_CLOCK?LCD_FUNC
  +--> ?PR?_SAVE_MUD?LCD_FUNC
  +--> ?PR?AUTO_PHASE?LCD_AUTO
  +--> ?PR?AUTO_POSITION?LCD_AUTO
  +--> ?PR?AUTO_CONFIG?LCD_AUTO
  +--> ?PR?_RTDSETBYTE?ACCESS
BL51 BANKED LINKER/LOCATER V5.03                                                      11/21/2005  13:47:44  PAGE 19


  +--> ?PR?ENTER_KEY_PROCESS?LCD_OSD
  +--> ?PR?_LEFT_RIGHT_KEY_PROCESS?LCD_OSD
  +--> ?PR?RGB_EXIT_KEY?RGB_ECHO
  +--> ?PR?SHOW_PROCESS?LCD_OSD
  +--> ?PR?PAGE0_LR_KEY?LCD_OSD
  +--> ?PR?FACTORY_KEY_PROCESS?LCD_OSD

?PR?_SUB_PAGE_PROCESS?LCD_OSD                    -----    -----      0027H    0001H      -----    -----
  +--> ?PR?_PAGE1_GOTO_SUBPAGE?LCD_OSD
  +--> ?PR?_PAGE4_GOTO_SUBPAGE?LCD_OSD
  +--> ?PR?_PAGE5_GOTO_SUBPAGE?LCD_OSD

?PR?_PAGE1_GOTO_SUBPAGE?LCD_OSD                  -----    -----      -----    -----      -----    -----
  +--> ?PR?_OSD_PROC_B?LCD_OSD

?PR?_OSD_PROC_B?LCD_OSD                          -----    -----      0029H    0001H      -----    -----
  +--> ?PR?ENTER_KEY_B_PROCESS?LCD_OSD
  +--> ?PR?_LEFT_RIGHT_KEY_B_PROCESS?LCD_OSD
  +--> ?PR?RGB_EXIT_KEY?RGB_ECHO
  +--> ?PR?SHOW_B_PROCESS?LCD_OSD

?PR?ENTER_KEY_B_PROCESS?LCD_OSD                  -----    -----      -----    -----      -----    -----
  +--> ?PR?PAGE1B_ENTER_KEY?LCD_OSD
  +--> ?PR?PAGE4B_ENTER_KEY?LCD_OSD
  +--> ?PR?PAGE5B_ENTER_KEY?LCD_OSD

?PR?PAGE1B_ENTER_KEY?LCD_OSD                     -----    -----      -----    -----      -----    -----
  +--> ?PR?LCD_OSD
  +--> ?PR?_OSD_WINDOW?LCD_OSD
  +--> ?PR?_OSD_SLIDER?LCD_OSD

?PR?_OSD_WINDOW?LCD_OSD                          -----    -----      002CH    0010H      -----    -----
  +--> ?PR?LCD_OSD
  +--> ?PR?_RTDWRITE?ACCESS
  +--> ?PR?_DELAY_XMS?TIMER

?PR?_OSD_SLIDER?LCD_OSD                          -----    -----      002CH    0009H      00A6H    0003H
  +--> ?PR?LCD_OSD
  +--> ?PR?_RTDWRITE?ACCESS
  +--> ?PR?_OSD_LINE?LCD_OSD

?PR?_OSD_LINE?LCD_OSD                            -----    -----      0035H    0005H      00A9H    0003H
  +--> ?PR?LCD_OSD
  +--> ?CO?LCD_MAIN
  +--> ?PR?_RTDWRITE?ACCESS

?PR?PAGE4B_ENTER_KEY?LCD_OSD                     -----    -----      -----    -----      -----    -----
  +--> ?PR?SAVE_GUD1?LCD_FUNC
  +--> ?PR?LCD_OSD
  +--> ?PR?_RTDSETBIT?ACCESS
  +--> ?CO?LCD_MAIN
  +--> ?PR?_LOAD_VLC_FONT?ACCESS
  +--> ?PR?PAGE4_SHOW?LCD_OSD

?PR?PAGE4_SHOW?LCD_OSD                           -----    -----      -----    -----      -----    -----
  +--> ?CO?LCD_MAIN
  +--> ?PR?_SHOW_OSD_PAGE?LCD_OSD
BL51 BANKED LINKER/LOCATER V5.03                                                      11/21/2005  13:47:44  PAGE 20


  +--> ?PR?LCD_OSD
  +--> ?PR?_OSD_WINDOW?LCD_OSD
  +--> ?PR?GET_OSD_MARGIN?LCD_OSD
  +--> ?PR?_OSD_SLIDER?LCD_OSD
  +--> ?PR?_RTDSETBIT?ACCESS

?PR?_SHOW_OSD_PAGE?LCD_OSD                       -----    -----      002AH    0005H      -----    -----
  +--> ?PR?_INIT_PAGE?LCD_OSD
  +--> ?CO?LCD_MAIN
  +--> ?PR?_RTDOSDW?ACCESS
  +--> ?PR?LCD_OSD
  +--> ?PR?SHOW_MODE?LCD_OSD

?PR?_INIT_PAGE?LCD_OSD                           -----    -----      -----    -----      -----    -----
  +--> ?PR?_OSD_POSITION?LCD_OSD
  +--> ?PR?_OSD_CLEAR?LCD_OSD
  +--> ?CO?LCD_MAIN
  +--> ?PR?_RTDOSDW?ACCESS

?PR?_OSD_CLEAR?LCD_OSD                           -----    -----      002FH    0004H      -----    -----
  +--> ?CO?LCD_MAIN
  +--> ?PR?_OSD_LINE?LCD_OSD

?PR?SHOW_MODE?LCD_OSD                            -----    -----      002FH    0003H      00A6H    0003H
  +--> ?PR?LCD_OSD
  +--> ?PR?_OSD_LINE?LCD_OSD
  +--> ?CO?LCD_MAIN
  +--> ?PR?_RTDWRITE?ACCESS

?PR?PAGE5B_ENTER_KEY?LCD_OSD                     -----    -----      -----    -----      -----    -----
  +--> ?PR?_CHANGE_SOURCE?SRC_CTRL

?PR?_LEFT_RIGHT_KEY_B_PROCESS?LCD_OSD            -----    -----      002AH    0001H      -----    -----
  +--> ?PR?_PAGE1B_LEFT_RIGHT_KEY?LCD_OSD
  +--> ?PR?_PAGE4B_LEFT_RIGHT_KEY?LCD_OSD
  +--> ?PR?_PAGE5B_LEFT_RIGHT_KEY?LCD_OSD

?PR?_PAGE1B_LEFT_RIGHT_KEY?LCD_OSD               -----    -----      002BH    0001H      -----    -----
  +--> ?PR?LCD_OSD
  +--> ?PR?_BRIGHT_CONTRAST_ADJUST?LCD_OSD
  +--> ?PR?_OSD_SLIDER?LCD_OSD
  +--> ?PR?SET_BRIGHT_CONTRAST?LCD_FUNC
  +--> ?PR?SAVE_GUD0?LCD_FUNC
  +--> ?PR?_OSD_WINDOW?LCD_OSD

?PR?SAVE_GUD0?LCD_FUNC                           -----    -----      -----    -----      -----    -----
  +--> ?PR?LCD_FUNC
  +--> ?PR?_I2CWRITE?ACCESS
  +--> ?PR?_DELAY_XMS?TIMER

?PR?_PAGE4B_LEFT_RIGHT_KEY?LCD_OSD               -----    -----      002BH    0001H      -----    -----
  +--> ?PR?LCD_OSD
  +--> ?PR?_OSD_WINDOW?LCD_OSD

?PR?_PAGE5B_LEFT_RIGHT_KEY?LCD_OSD               -----    -----      002BH    0001H      -----    -----
  +--> ?PR?LCD_OSD
  +--> ?PR?_OSD_WINDOW?LCD_OSD
BL51 BANKED LINKER/LOCATER V5.03                                                      11/21/2005  13:47:44  PAGE 21



?PR?RGB_EXIT_KEY?RGB_ECHO                        -----    -----      -----    -----      -----    -----
  +--> ?PR?RGB_ECHO
  +--> ?PR?_OSD_WINDOW?LCD_OSD

?PR?SHOW_B_PROCESS?LCD_OSD                       -----    -----      -----    -----      -----    -----
  +--> ?PR?PAGE1B_SHOW?LCD_OSD
  +--> ?PR?PAGE4B_SHOW?LCD_OSD
  +--> ?PR?PAGE5B_SHOW?LCD_OSD

?PR?PAGE1B_SHOW?LCD_OSD                          -----    -----      -----    -----      -----    -----
  +--> ?CO?LCD_MAIN
  +--> ?PR?_SHOW_OSD_PAGE?LCD_OSD
  +--> ?PR?LCD_OSD
  +--> ?PR?_OSD_WINDOW?LCD_OSD
  +--> ?PR?_OSD_SLIDER?LCD_OSD

?PR?PAGE4B_SHOW?LCD_OSD                          -----    -----      -----    -----      -----    -----
  +--> ?CO?LCD_MAIN
  +--> ?PR?_SHOW_OSD_PAGE?LCD_OSD
  +--> ?PR?_RTDOSDW?ACCESS
  +--> ?PR?LCD_OSD
  +--> ?PR?_OSD_WINDOW?LCD_OSD

?PR?PAGE5B_SHOW?LCD_OSD                          -----    -----      -----    -----      -----    -----
  +--> ?CO?LCD_MAIN
  +--> ?PR?_SHOW_OSD_PAGE?LCD_OSD
  +--> ?PR?_RTDOSDW?ACCESS
  +--> ?PR?LCD_OSD
  +--> ?PR?_OSD_WINDOW?LCD_OSD

?PR?_PAGE4_GOTO_SUBPAGE?LCD_OSD                  -----    -----      -----    -----      -----    -----
  +--> ?PR?_OSD_PROC_B?LCD_OSD

?PR?_PAGE5_GOTO_SUBPAGE?LCD_OSD                  -----    -----      -----    -----      -----    -----
  +--> ?PR?_OSD_PROC_B?LCD_OSD

?PR?_SAVE_MUD?LCD_FUNC                           -----    -----      -----    -----      -----    -----
  +--> ?PR?LCD_FUNC
  +--> ?PR?_I2CWRITE?ACCESS
  +--> ?PR?_DELAY_XMS?TIMER

?PR?AUTO_PHASE?LCD_AUTO                          -----    -----      0027H    0002H      -----    -----
  +--> ?PR?LCD_AUTO
  +--> ?PR?SET_V_POSITION?LCD_FUNC
  +--> ?CO?LCD_AUTO
  +--> ?PR?_RTDCODEW?ACCESS
  +--> ?PR?MIN_NOISE_MARGIN?LCD_AUTO
  +--> ?PR?_AUTO_PHASE_DO?LCD_AUTO
  +--> ?PR?_SET_PHASE?LCD_FUNC
  +--> ?PR?_SAVE_MUD?LCD_FUNC
  +--> ?PR?SETADC_GAINOFFSET?LCD_FUNC

?PR?MIN_NOISE_MARGIN?LCD_AUTO                    -----    -----      0032H    0005H      -----    -----
  +--> ?PR?_MEASURE_POSITIONV?LCD_AUTO
  +--> ?PR?_MEASURE_POSITIONH?LCD_AUTO
  +--> ?PR?LCD_AUTO
BL51 BANKED LINKER/LOCATER V5.03                                                      11/21/2005  13:47:44  PAGE 22



?PR?_MEASURE_POSITIONV?LCD_AUTO                  -----    -----      0040H    0003H      -----    -----
  +--> ?PR?_RTDREAD?ACCESS
  +--> ?PR?LCD_AUTO
  +--> ?PR?_RTDWRITE?ACCESS
  +--> ?PR?WAIT_FINISH?LCD_AUTO

?PR?WAIT_FINISH?LCD_AUTO                         -----    -----      0047H    0002H      -----    -----
  +--> ?PR?_RTDSETBYTE?ACCESS
  +--> ?PR?_DELAY_XMS?TIMER
  +--> ?PR?_RTDREAD?ACCESS

?PR?_MEASURE_POSITIONH?LCD_AUTO                  -----    -----      0040H    0003H      -----    -----
  +--> ?PR?_RTDREAD?ACCESS
  +--> ?PR?LCD_AUTO
  +--> ?PR?_RTDWRITE?ACCESS
  +--> ?PR?WAIT_FINISH?LCD_AUTO

?PR?_AUTO_PHASE_DO?LCD_AUTO                      -----    -----      0032H    0001H      00A6H    000FH
  +--> ?PR?_MEASURE_POSITIONN?LCD_AUTO
  +--> ?PR?LCD_AUTO
  +--> ?PR?_RTDWRITE?ACCESS
  +--> ?PR?_RTDSETBYTE?ACCESS
  +--> ?PR?_READ_AUTO_INFO?LCD_AUTO
  +--> ?PR?WAIT_FOR_IVS?LCD_AUTO
  +--> ?PR?WAIT_FINISH?LCD_AUTO
  +--> ?PR?_SET_PHASE?LCD_FUNC
  +--> ?PR?_DELAY_XMS?TIMER

?PR?_MEASURE_POSITIONN?LCD_AUTO                  -----    -----      0034H    0001H      -----    -----
  +--> ?PR?_MEASURE_POSITIONV?LCD_AUTO
  +--> ?PR?_MEASURE_POSITIONH?LCD_AUTO

?PR?_READ_AUTO_INFO?LCD_AUTO                     -----    -----      0047H    0001H      -----    -----
  +--> ?PR?_RTDREAD?ACCESS

?PR?WAIT_FOR_IVS?LCD_AUTO                        -----    -----      0047H    0001H      -----    -----
  +--> ?PR?_RTDSETBYTE?ACCESS
  +--> ?PR?_RTDREAD?ACCESS
  +--> ?PR?_DELAY_XMS?TIMER

?PR?AUTO_POSITION?LCD_AUTO                       -----    -----      0027H    0003H      -----    -----
  +--> ?PR?LCD_AUTO
  +--> ?PR?SET_V_POSITION?LCD_FUNC
  +--> ?CO?LCD_AUTO
  +--> ?PR?_RTDCODEW?ACCESS
  +--> ?PR?MIN_NOISE_MARGIN?LCD_AUTO
  +--> ?PR?_AUTO_POSITION_DO?LCD_AUTO
  +--> ?PR?_SAVE_MUD?LCD_FUNC
  +--> ?PR?SET_H_POSITION?LCD_FUNC
  +--> ?PR?SETADC_GAINOFFSET?LCD_FUNC

?PR?_AUTO_POSITION_DO?LCD_AUTO                   -----    -----      0032H    0002H      -----    -----
  +--> ?PR?_MEASURE_POSITIONN?LCD_AUTO
  +--> ?PR?LCD_AUTO
  +--> ?PR?SET_V_POSITION?LCD_FUNC
  +--> ?PR?SET_H_POSITION?LCD_FUNC
BL51 BANKED LINKER/LOCATER V5.03                                                      11/21/2005  13:47:44  PAGE 23



?PR?AUTO_CONFIG?LCD_AUTO                         -----    -----      0029H    0009H      -----    -----
  +--> ?PR?LCD_AUTO
  +--> ?PR?SET_V_POSITION?LCD_FUNC
  +--> ?CO?LCD_MAIN
  +--> ?PR?SET_H_POSITION?LCD_FUNC
  +--> ?PR?MIN_NOISE_MARGIN?LCD_AUTO
  +--> ?PR?SET_CLOCK?LCD_FUNC
  +--> ?PR?_AUTO_CLOCK_DO?LCD_AUTO
  +--> ?PR?_AUTO_PHASE_DO?LCD_AUTO
  +--> ?PR?_SET_PHASE?LCD_FUNC
  +--> ?PR?_AUTO_POSITION_DO?LCD_AUTO
  +--> ?PR?_I2CWRITE?ACCESS
  +--> ?PR?_DELAY_XMS?TIMER
  +--> ?PR?_SAVE_MUD?LCD_FUNC
  +--> ?PR?_RTDSETBYTE?ACCESS

?PR?_AUTO_CLOCK_DO?LCD_AUTO                      -----    -----      0032H    000EH      -----    -----
  +--> ?PR?LCD_AUTO
  +--> ?PR?_MEASURE_POSITIONV?LCD_AUTO
  +--> ?PR?_SET_PHASE?LCD_FUNC
  +--> ?PR?FINDCOLOR?LCD_AUTO
  +--> ?PR?_RTDSETBYTE?ACCESS
  +--> ?PR?_GETMAXSUM?LCD_AUTO
  +--> ?PR?SET_H_POSITION?LCD_FUNC
  +--> ?PR?SET_CLOCK?LCD_FUNC
  +--> ?PR?_MEASURE_POSITIONH?LCD_AUTO

?PR?FINDCOLOR?LCD_AUTO                           -----    -----      0040H    0007H      -----    -----
  +--> ?PR?_RTDSETBYTE?ACCESS
  +--> ?PR?WAIT_FINISH?LCD_AUTO
  +--> ?PR?_READ_AUTO_INFO?LCD_AUTO
  +--> ?PR?LCD_AUTO

?PR?_GETMAXSUM?LCD_AUTO                          -----    -----      0040H    0007H      -----    -----
  +--> ?PR?_SET_PHASE?LCD_FUNC
  +--> ?PR?_RTDSETBYTE?ACCESS
  +--> ?PR?WAIT_FOR_IVS?LCD_AUTO
  +--> ?PR?_READ_AUTO_INFO?LCD_AUTO
  +--> ?PR?LCD_AUTO
  +--> ?PR?WAIT_FINISH?LCD_AUTO

?PR?ENTER_KEY_PROCESS?LCD_OSD                    -----    -----      -----    -----      -----    -----
  +--> ?PR?PAGE0_ENTER_KEY?LCD_OSD
  +--> ?PR?PAGE1_ENTER_KEY?LCD_OSD
  +--> ?PR?PAGE2_ENTER_KEY?LCD_OSD
  +--> ?PR?PAGE4_ENTER_KEY?LCD_OSD
  +--> ?PR?PAGE5_ENTER_KEY?LCD_OSD
  +--> ?PR?PAGEADC_ENTER_KEY?LCD_OSD
  +--> ?PR?PAGEFACTORY_ENTER_KEY?LCD_OSD

?PR?PAGE0_ENTER_KEY?LCD_OSD                      -----    -----      -----    -----      -----    -----
  +--> ?PR?LCD_OSD

?PR?PAGE1_ENTER_KEY?LCD_OSD                      -----    -----      -----    -----      -----    -----
  +--> ?PR?LCD_OSD
  +--> ?PR?_OSD_WINDOW?LCD_OSD
BL51 BANKED LINKER/LOCATER V5.03                                                      11/21/2005  13:47:44  PAGE 24


  +--> ?PR?AUTO_BALANCE?LCD_AUTO
  +--> ?PR?_OSD_SLIDER?LCD_OSD
  +--> ?PR?_OSD_LINE?LCD_OSD
  +--> ?PR?_OSD_PROC_B?LCD_OSD

?PR?AUTO_BALANCE?LCD_AUTO                        -----    -----      0027H    0002H      -----    -----
  +--> ?PR?LCD_AUTO
  +--> ?PR?SET_V_POSITION?LCD_FUNC
  +--> ?PR?TUNE_BALANCE?LCD_AUTO
  +--> ?PR?LOAD_GUD2?LCD_FUNC
  +--> ?PR?SETADC_GAINOFFSET?LCD_FUNC
  +--> ?PR?SET_BRIGHT_CONTRAST?LCD_FUNC
  +--> ?PR?SETADC_GAIN?LCD_FUNC
  +--> ?PR?SAVE_GUD0?LCD_FUNC
  +--> ?PR?SAVE_GUD2?LCD_FUNC

?PR?TUNE_BALANCE?LCD_AUTO                        -----    -----      0029H    0007H      -----    -----
  +--> ?PR?SETADC_GAIN?LCD_FUNC
  +--> ?CO?LCD_AUTO
  +--> ?PR?_RTDCODEW?ACCESS
  +--> ?PR?_MEASURE_POSITIONN?LCD_AUTO
  +--> ?PR?_MEASURE_COLOR?LCD_AUTO
  +--> ?PR?SETADC_GAINOFFSET?LCD_FUNC
  +--> ?PR?_CHANGE_ADC_GAIN?LCD_AUTO
  +--> ?PR?_CHANGE_ADC_OFFSET?LCD_AUTO

?PR?_MEASURE_COLOR?LCD_AUTO                      -----    -----      0030H    0001H      -----    -----
  +--> ?PR?_RTDSETBYTE?ACCESS
  +--> ?PR?LCD_AUTO
  +--> ?PR?_RTDWRITE?ACCESS
  +--> ?PR?WAIT_FINISH?LCD_AUTO
  +--> ?PR?_RTDREAD?ACCESS

?PR?_CHANGE_ADC_GAIN?LCD_AUTO                    -----    -----      0030H    0001H      -----    -----
  +--> ?PR?SETADC_GAIN?LCD_FUNC

?PR?_CHANGE_ADC_OFFSET?LCD_AUTO                  -----    -----      0030H    0001H      -----    -----
  +--> ?PR?SETADC_OFFSET?LCD_FUNC

?PR?SAVE_GUD2?LCD_FUNC                           -----    -----      -----    -----      -----    -----
  +--> ?PR?LCD_FUNC
  +--> ?PR?_I2CWRITE?ACCESS
  +--> ?PR?_DELAY_XMS?TIMER

?PR?PAGE2_ENTER_KEY?LCD_OSD                      -----    -----      -----    -----      -----    -----
  +--> ?PR?LCD_OSD
  +--> ?PR?_OSD_WINDOW?LCD_OSD
  +--> ?PR?_OSD_SLIDER?LCD_OSD
  +--> ?PR?_OSD_LINE?LCD_OSD

?PR?PAGE4_ENTER_KEY?LCD_OSD                      -----    -----      -----    -----      -----    -----
  +--> ?PR?LCD_OSD
  +--> ?PR?_OSD_PROC_B?LCD_OSD
  +--> ?PR?GET_OSD_MARGIN?LCD_OSD
  +--> ?PR?_OSD_LINE?LCD_OSD
  +--> ?PR?_OSD_WINDOW?LCD_OSD
  +--> ?PR?SAVE_GUD1?LCD_FUNC
BL51 BANKED LINKER/LOCATER V5.03                                                      11/21/2005  13:47:44  PAGE 25


  +--> ?PR?_OSD_SLIDER?LCD_OSD

?PR?PAGE5_ENTER_KEY?LCD_OSD                      -----    -----      0027H    0002H      -----    -----
  +--> ?PR?LCD_OSD
  +--> ?PR?_OSD_WINDOW?LCD_OSD
  +--> ?PR?_OSD_PROC_B?LCD_OSD
  +--> ?PR?_OSD_LINE?LCD_OSD
  +--> ?PR?SAVE_GUD1?LCD_FUNC
  +--> ?PR?INIT_GUD?LCD_FUNC
  +--> ?PR?SET_BRIGHT_CONTRAST?LCD_FUNC
  +--> ?PR?SETVOLUME?LCD_FUNC
  +--> ?PR?_OSD_POSITION?LCD_OSD
  +--> ?PR?INIT_MUD?LCD_FUNC
  +--> ?PR?_LOAD_MUD?LCD_FUNC
  +--> ?PR?_OSD_SLIDER?LCD_OSD

?PR?PAGEADC_ENTER_KEY?LCD_OSD                    -----    -----      -----    -----      -----    -----
  +--> ?PR?LCD_OSD
  +--> ?PR?_OSD_WINDOW?LCD_OSD
  +--> ?CO?LCD_MAIN
  +--> ?PR?_RTDOSDW?ACCESS
  +--> ?PR?_OSD_SLIDER?LCD_OSD

?PR?PAGEFACTORY_ENTER_KEY?LCD_OSD                -----    -----      -----    -----      -----    -----
  +--> ?PR?LCD_OSD
  +--> ?PR?_OSD_FACT_LINE?LCD_OSD
  +--> ?PR?_SHOWVALUE?LCD_OSD
  +--> ?PR?INIT_FACTORY?LCD_FUNC
  +--> ?PR?SET_BRIGHT_CONTRAST?LCD_FUNC
  +--> ?CO?LCD_MAIN
  +--> ?PR?AUTO_BALANCE?LCD_AUTO
  +--> ?PR?_RTDSETBIT?ACCESS
  +--> ?PR?_RTDOSDW?ACCESS

?PR?_OSD_FACT_LINE?LCD_OSD                       -----    -----      002BH    0005H      00A6H    0003H
  +--> ?PR?LCD_OSD
  +--> ?CO?LCD_MAIN
  +--> ?PR?_RTDWRITE?ACCESS

?PR?_SHOWVALUE?LCD_OSD                           -----    -----      0029H    0004H      00A6H    0003H
  +--> ?PR?LCD_OSD
  +--> ?CO?LCD_MAIN
  +--> ?PR?_RTDWRITE?ACCESS

?PR?INIT_FACTORY?LCD_FUNC                        -----    -----      0027H    0002H      -----    -----
  +--> ?PR?INIT_FRECALL?LCD_FUNC
  +--> ?PR?SAVE_GUD1?LCD_FUNC
  +--> ?PR?SET_BRIGHT_CONTRAST?LCD_FUNC
  +--> ?PR?SETADC_GAIN?LCD_FUNC
  +--> ?PR?SETVOLUME?LCD_FUNC
  +--> ?PR?AUTO_CONFIG?LCD_AUTO
  +--> ?PR?_OSD_POSITION?LCD_OSD
  +--> ?PR?INIT_MUD?LCD_FUNC
  +--> ?PR?_LOAD_MUD?LCD_FUNC

?PR?INIT_FRECALL?LCD_FUNC                        -----    -----      -----    -----      -----    -----
  +--> ?PR?LCD_FUNC
BL51 BANKED LINKER/LOCATER V5.03                                                      11/21/2005  13:47:44  PAGE 26


  +--> ?CO?LCD_FUNC
  +--> ?PR?_I2CWRITE?ACCESS
  +--> ?PR?_DELAY_XMS?TIMER
  +--> ?PR?SAVE_GUD0?LCD_FUNC
  +--> ?PR?SAVE_GUD3?LCD_FUNC

?PR?_LEFT_RIGHT_KEY_PROCESS?LCD_OSD              -----    -----      0027H    0001H      -----    -----
  +--> ?PR?_PAGE0_LEFT_RIGHT_KEY?LCD_OSD
  +--> ?PR?_PAGE1_LEFT_RIGHT_KEY?LCD_OSD
  +--> ?PR?_PAGE2_LEFT_RIGHT_KEY?LCD_OSD
  +--> ?PR?_PAGE4_LEFT_RIGHT_KEY?LCD_OSD
  +--> ?PR?_PAGE5_LEFT_RIGHT_KEY?LCD_OSD
  +--> ?PR?_PAGE6_LEFT_RIGHT_KEY?LCD_OSD
  +--> ?PR?_PAGEADC_LEFT_RIGHT_KEY?LCD_OSD
  +--> ?PR?_PAGEFACTORY_LEFT_RIGHT_KEY?LCD_OSD

?PR?_PAGE0_LEFT_RIGHT_KEY?LCD_OSD                -----    -----      0028H    0001H      -----    -----
  +--> ?PR?_OSD_POSITION?LCD_OSD
  +--> ?CO?LCD_MAIN
  +--> ?PR?_RTDOSDW?ACCESS
  +--> ?PR?LCD_OSD
  +--> ?PR?_RTDSETBIT?ACCESS
  +--> ?PR?SETVOLUME?LCD_FUNC
  +--> ?PR?SAVE_GUD3?LCD_FUNC
  +--> ?PR?_RGB_OSD_SLIDER?RGB_ECHO

?PR?_RGB_OSD_SLIDER?RGB_ECHO                     -----    -----      0029H    0009H      00A6H    0002H
  +--> ?PR?RGB_ECHO
  +--> ?PR?_RTDWRITE?ACCESS
  +--> ?PR?_OSD_LINE?LCD_OSD

?PR?_PAGE1_LEFT_RIGHT_KEY?LCD_OSD                -----    -----      0028H    0001H      -----    -----
  +--> ?PR?LCD_OSD
  +--> ?PR?_OSD_LINE?LCD_OSD
  +--> ?PR?_BRIGHT_CONTRAST_ADJUST?LCD_OSD
  +--> ?PR?_OSD_SLIDER?LCD_OSD
  +--> ?PR?SETADC_GAIN?LCD_FUNC
  +--> ?PR?SET_BRIGHT_CONTRAST?LCD_FUNC
  +--> ?PR?SAVE_GUD0?LCD_FUNC
  +--> ?PR?SET_GAMMA?LCD_FUNC
  +--> ?PR?SAVE_GUD1?LCD_FUNC
  +--> ?PR?_OSD_CHANGE_ITEM?LCD_OSD

?PR?_OSD_CHANGE_ITEM?LCD_OSD                     -----    -----      0029H    0001H      -----    -----
  +--> ?PR?LCD_OSD
  +--> ?PR?_OSD_WINDOW?LCD_OSD
  +--> ?PR?_GETNEXTPAGEIDX?LCD_OSD
  +--> ?PR?_GETPREVPAGEIDX?LCD_OSD

?PR?_PAGE2_LEFT_RIGHT_KEY?LCD_OSD                -----    -----      0028H    0001H      -----    -----
  +--> ?PR?LCD_OSD
  +--> ?PR?_OSD_SLIDER?LCD_OSD
  +--> ?PR?SET_H_POSITION?LCD_FUNC
  +--> ?PR?SET_V_POSITION?LCD_FUNC
  +--> ?PR?_SET_PHASE?LCD_FUNC
  +--> ?PR?SET_CLOCK?LCD_FUNC
  +--> ?PR?_SAVE_MUD?LCD_FUNC
BL51 BANKED LINKER/LOCATER V5.03                                                      11/21/2005  13:47:44  PAGE 27


  +--> ?PR?_OSD_LINE?LCD_OSD
  +--> ?PR?SHARPNESS?LCD_FUNC
  +--> ?PR?_RTDSETBIT?ACCESS
  +--> ?PR?SAVE_GUD1?LCD_FUNC
  +--> ?PR?_OSD_CHANGE_ITEM?LCD_OSD

?PR?_PAGE4_LEFT_RIGHT_KEY?LCD_OSD                -----    -----      0028H    0001H      -----    -----
  +--> ?PR?GET_OSD_MARGIN?LCD_OSD
  +--> ?PR?LCD_OSD
  +--> ?PR?_OSD_SLIDER?LCD_OSD
  +--> ?PR?_OSD_POSITION?LCD_OSD
  +--> ?PR?_OSD_LINE?LCD_OSD
  +--> ?PR?_RTDSETBIT?ACCESS
  +--> ?PR?SAVE_GUD1?LCD_FUNC
  +--> ?PR?_OSD_CHANGE_ITEM?LCD_OSD

?PR?_PAGE5_LEFT_RIGHT_KEY?LCD_OSD                -----    -----      0028H    0001H      -----    -----
  +--> ?PR?LCD_OSD
  +--> ?PR?_OSD_LINE?LCD_OSD
  +--> ?PR?_OSD_SLIDER?LCD_OSD
  +--> ?PR?SETVOLUME?LCD_FUNC
  +--> ?PR?SAVE_GUD3?LCD_FUNC
  +--> ?PR?_OSD_CHANGE_ITEM?LCD_OSD

?PR?_PAGE6_LEFT_RIGHT_KEY?LCD_OSD                -----    -----      -----    -----      -----    -----
  +--> ?PR?_GETNEXTPAGEIDX?LCD_OSD
  +--> ?PR?_GETPREVPAGEIDX?LCD_OSD

?PR?_PAGEADC_LEFT_RIGHT_KEY?LCD_OSD              -----    -----      0028H    0001H      -----    -----
  +--> ?PR?LCD_OSD
  +--> ?PR?_OSD_SLIDER?LCD_OSD
  +--> ?PR?SETADC_GAIN?LCD_FUNC
  +--> ?PR?SETADC_OFFSET?LCD_FUNC
  +--> ?PR?SAVE_GUD2?LCD_FUNC
  +--> ?PR?_OSD_WINDOW?LCD_OSD

?PR?_PAGEFACTORY_LEFT_RIGHT_KEY?LCD_OSD          -----    -----      0028H    0001H      -----    -----
  +--> ?PR?_VALUE_ADJUST?LCD_OSD
  +--> ?PR?_SHOWVALUE?LCD_OSD
  +--> ?PR?SET_BRIGHT_CONTRAST?LCD_FUNC
  +--> ?PR?SAVE_GUD4?LCD_FUNC
  +--> ?PR?_BRIGHT_CONTRAST_ADJUST?LCD_OSD
  +--> ?PR?LCD_OSD
  +--> ?PR?SETADC_GAIN?LCD_FUNC
  +--> ?PR?SAVE_GUD0?LCD_FUNC
  +--> ?PR?_SPREAD_ADJUST?LCD_OSD
  +--> ?PR?SET_SPREAD?LCD_FUNC
  +--> ?PR?SAVE_GUD3?LCD_FUNC
  +--> ?PR?_OSD_FACT_LINE?LCD_OSD

?PR?_VALUE_ADJUST?LCD_OSD                        -----    -----      0029H    0006H      -----    -----
  +--> ?PR?LCD_OSD

?PR?SAVE_GUD4?LCD_FUNC                           -----    -----      -----    -----      -----    -----
  +--> ?PR?LCD_FUNC
  +--> ?PR?_I2CWRITE?ACCESS
  +--> ?PR?_DELAY_XMS?TIMER
BL51 BANKED LINKER/LOCATER V5.03                                                      11/21/2005  13:47:44  PAGE 28



?PR?SET_SPREAD?LCD_FUNC                          -----    -----      -----    -----      -----    -----
  +--> ?PR?_RTDSETBIT?ACCESS

?PR?SHOW_PROCESS?LCD_OSD                         -----    -----      -----    -----      -----    -----
  +--> ?PR?PAGE1_SHOW?LCD_OSD
  +--> ?PR?PAGE2_SHOW?LCD_OSD
  +--> ?PR?PAGE4_SHOW?LCD_OSD
  +--> ?PR?PAGE5_SHOW?LCD_OSD
  +--> ?PR?PAGE6_SHOW?LCD_OSD
  +--> ?PR?PAGEADC_SHOW?LCD_OSD
  +--> ?PR?PAGEFACTORY_SHOW?LCD_OSD

?PR?PAGE1_SHOW?LCD_OSD                           -----    -----      -----    -----      -----    -----
  +--> ?CO?LCD_MAIN
  +--> ?PR?_SHOW_OSD_PAGE?LCD_OSD
  +--> ?PR?LCD_OSD
  +--> ?PR?_OSD_WINDOW?LCD_OSD
  +--> ?PR?_OSD_SLIDER?LCD_OSD

?PR?PAGE2_SHOW?LCD_OSD                           -----    -----      -----    -----      -----    -----
  +--> ?CO?LCD_MAIN
  +--> ?PR?_SHOW_OSD_PAGE?LCD_OSD
  +--> ?PR?LCD_OSD
  +--> ?PR?_OSD_WINDOW?LCD_OSD
  +--> ?PR?_OSD_SLIDER?LCD_OSD

?PR?PAGE5_SHOW?LCD_OSD                           -----    -----      -----    -----      -----    -----
  +--> ?CO?LCD_MAIN
  +--> ?PR?_SHOW_OSD_PAGE?LCD_OSD
  +--> ?PR?LCD_OSD
  +--> ?PR?_OSD_WINDOW?LCD_OSD
  +--> ?PR?_OSD_SLIDER?LCD_OSD

?PR?PAGE6_SHOW?LCD_OSD                           -----    -----      -----    -----      -----    -----
  +--> ?CO?LCD_MAIN
  +--> ?PR?_SHOW_OSD_PAGE?LCD_OSD
  +--> ?PR?LCD_OSD
  +--> ?PR?_OSD_WINDOW?LCD_OSD

?PR?PAGEADC_SHOW?LCD_OSD                         -----    -----      -----    -----      -----    -----
  +--> ?PR?_INIT_PAGE?LCD_OSD
  +--> ?CO?LCD_MAIN
  +--> ?PR?_RTDOSDW?ACCESS
  +--> ?PR?LCD_OSD
  +--> ?PR?_OSD_SLIDER?LCD_OSD

?PR?PAGEFACTORY_SHOW?LCD_OSD                     -----    -----      -----    -----      -----    -----
  +--> ?PR?_OSD_FACT_CLEAR?LCD_OSD
  +--> ?PR?_OSD_POSITION?LCD_OSD
  +--> ?PR?LCD_OSD
  +--> ?PR?_RTDSETBIT?ACCESS
  +--> ?CO?LCD_MAIN
  +--> ?PR?_RTDOSDW?ACCESS
  +--> ?PR?_OSD_FACT_LINE?LCD_OSD
  +--> ?PR?_SHOWVALUE?LCD_OSD

BL51 BANKED LINKER/LOCATER V5.03                                                      11/21/2005  13:47:44  PAGE 29


?PR?_OSD_FACT_CLEAR?LCD_OSD                      -----    -----      0027H    0004H      -----    -----
  +--> ?CO?LCD_MAIN
  +--> ?PR?_OSD_FACT_LINE?LCD_OSD

?PR?FACTORY_KEY_PROCESS?LCD_OSD                  -----    -----      -----    -----      -----    -----
  +--> ?PR?FACTORY_KEY_KEY?LCD_OSD

?PR?OSD_OPENING?LCD_OSD                          -----    -----      -----    -----      00A6H    0002H
  +--> ?PR?LCD_OSD
  +--> ?PR?_OSD_WINDOW?LCD_OSD
  +--> ?PR?_DELAY_XMS?TIMER
  +--> ?CO?LCD_MAIN
  +--> ?PR?_RTDCODEW?ACCESS
  +--> ?PR?_RTDSETBIT?ACCESS

?PR?OSD_ENDING?LCD_OSD                           -----    -----      -----    -----      00A6H    0002H
  +--> ?PR?LCD_OSD
  +--> ?PR?_OSD_WINDOW?LCD_OSD
  +--> ?PR?_RTDSETBIT?ACCESS
  +--> ?CO?LCD_MAIN
  +--> ?PR?_RTDOSDW?ACCESS

?PR?NEW_MODE_AUTO?MODE_DETECT                    -----    -----      -----    -----      -----    -----
  +--> ?PR?_OSD_POSITION?LCD_OSD
  +--> ?PR?_RTDSETBIT?ACCESS
  +--> ?CO?LCD_MAIN
  +--> ?PR?_RTDOSDW?ACCESS
  +--> ?PR?MODE_DETECT
  +--> ?PR?AUTO_CONFIG?LCD_AUTO
  +--> ?PR?SAVE_GUD1?LCD_FUNC
  +--> ?PR?_I2CREAD?ACCESS
  +--> ?PR?_I2CWRITE?ACCESS
  +--> ?PR?_DELAY_XMS?TIMER



SYMBOL TABLE OF MODULE:  .\Output\2523 (UART)

  VALUE           TYPE          NAME
  ----------------------------------

  -------         MODULE        UART
  C:0000H         SYMBOL        _ICE_DUMMY_
  D:0090H         PUBLIC        P1
  D:00B0H         PUBLIC        P3
  D:00A8H         PUBLIC        IE
  D:00B8H         PUBLIC        IP
  D:0098H         PUBLIC        SCON
  D:0088H         PUBLIC        TCON
  D:00C8H         PUBLIC        T2CON
  D:00D0H         PUBLIC        PSW
  -------         ENDMOD        UART

  -------         MODULE        INITIAL
  C:0000H         SYMBOL        _ICE_DUMMY_
  D:0090H         PUBLIC        P1
  D:00B0H         PUBLIC        P3
BL51 BANKED LINKER/LOCATER V5.03                                                      11/21/2005  13:47:44  PAGE 30


  D:00A8H         PUBLIC        IE
  D:00B8H         PUBLIC        IP
  C:E147H         PUBLIC        Power_Up_Init
  D:0098H         PUBLIC        SCON
  D:0089H         PUBLIC        TMOD
  D:0088H         PUBLIC        TCON
  C:CBFCH         PUBLIC        Firmware_Init
  B:0088H.5       PUBLIC        TF0
  B:0088H.7       PUBLIC        TF1
  D:008CH         PUBLIC        TH0
  D:008DH         PUBLIC        TH1
  D:008AH         PUBLIC        TL0
  C:DC2CH         PUBLIC        Reset_RTD
  D:008BH         PUBLIC        TL1
  B:0088H.4       PUBLIC        TR0
  B:0088H.6       PUBLIC        TR1
  C:E366H         PUBLIC        MCU_Init
  C:AD78H         PUBLIC        Init_Input_Source
  D:00C8H         PUBLIC        T2CON
  C:E99CH         PUBLIC        Power_Status_Init
  D:00D0H         PUBLIC        PSW
  C:000EH         SYMBOL        Com0022
  C:000EH         SYMBOL        L?0035
  -------         PROC          COM0022
  -------         ENDPROC       COM0022
  -------         PROC          MCU_INIT
  C:E366H         LINE#         15
  C:E366H         LINE#         16
  C:E366H         LINE#         18
  C:E369H         LINE#         19
  C:E36CH         LINE#         20
  C:E36EH         LINE#         21
  C:E370H         LINE#         22
  C:E373H         LINE#         23
  C:E376H         LINE#         24
  C:E378H         LINE#         25
  C:E37AH         LINE#         26
  C:E37DH         LINE#         27
  C:E380H         LINE#         28
  C:E383H         LINE#         30
  C:E387H         LINE#         31
  C:E38DH         LINE#         32
  C:E393H         LINE#         33
  C:E399H         LINE#         34
  C:E39FH         LINE#         35
  C:E3A4H         LINE#         37
  C:E3AAH         LINE#         38
  C:E3B0H         LINE#         65
  -------         ENDPROC       MCU_INIT
  -------         PROC          FIRMWARE_INIT
  C:CBFCH         LINE#         67
  C:CBFCH         LINE#         68
  C:CBFCH         LINE#         71
  C:CBFCH         LINE#         72
  C:CBFCH         LINE#         73
  C:CBFFH         LINE#         80
  C:CC02H         LINE#         81
BL51 BANKED LINKER/LOCATER V5.03                                                      11/21/2005  13:47:44  PAGE 31


  C:CC0BH         LINE#         113
  C:CC14H         LINE#         114
  C:CC18H         LINE#         117
  C:CC1FH         LINE#         124
  C:CC26H         LINE#         125
  C:CC2DH         LINE#         127
  C:CC34H         LINE#         129
  C:CC3DH         LINE#         131
  C:CC46H         LINE#         132
  C:CC4FH         LINE#         134
  C:CC57H         LINE#         136
  C:CC60H         LINE#         138
  C:CC67H         LINE#         139
  C:CC6EH         LINE#         141
  C:CC75H         LINE#         142
  C:CC7CH         LINE#         149
  C:CC7FH         LINE#         150
  C:CC82H         LINE#         154
  C:CC87H         LINE#         157
  C:CC8CH         LINE#         158
  C:CC8FH         LINE#         159
  C:CC94H         LINE#         162
  C:CC96H         LINE#         165
  -------         ENDPROC       FIRMWARE_INIT
  -------         PROC          POWER_UP_INIT
  C:E147H         LINE#         167
  C:E147H         LINE#         168
  C:E147H         LINE#         170
  C:E150H         LINE#         173
  C:E153H         LINE#         178
  C:E15CH         LINE#         186
  C:E15CH         LINE#         187
  C:E15CH         LINE#         188
  C:E15FH         LINE#         197
  C:E163H         LINE#         198
  C:E16AH         LINE#         206
  C:E16DH         LINE#         210
  C:E174H         LINE#         211
  C:E17BH         LINE#         216
  C:E18BH         LINE#         222
  C:E194H         LINE#         226
  -------         ENDPROC       POWER_UP_INIT
  -------         PROC          RESET_RTD
  C:DC2CH         LINE#         229
  C:DC2CH         LINE#         230
  C:DC2CH         LINE#         264
  C:DC33H         LINE#         270
  C:DC3AH         LINE#         271
  C:DC41H         LINE#         273
  C:DC48H         LINE#         275
  C:DC4FH         LINE#         277
  C:DC56H         LINE#         280
[...]


  C:F071H         LINE#         682
  C:F076H         LINE#         684
  -------         ENDPROC       _RTDSETBYTE
  -------         PROC          _RTDSETBIT
  D:0006H         SYMBOL        addr
  D:0002H         SYMBOL        and
  D:0004H         SYMBOL        or
  C:EAA3H         LINE#         688
  C:EAA9H         LINE#         689
  C:EAA9H         LINE#         691
  C:EAABH         LINE#         692
  C:EAB2H         LINE#         695
  C:EAB9H         LINE#         697
  C:EABCH         LINE#         700
  C:EABEH         LINE#         701
  C:EAC4H         LINE#         704
  C:EAC9H         LINE#         706
  -------         ENDPROC       _RTDSETBIT
  C:C138H         SYMBOL        L?0145
  C:C145H         SYMBOL        L?0155
  -------         PROC          _LOAD_VLC_FONT
  D:002AH         SYMBOL        array
  D:002CH         SYMBOL        start
  D:002EH         SYMBOL        length
  -------         DO            
  D:0007H         SYMBOL        n
  D:0030H         SYMBOL        m
  D:0031H         SYMBOL        ucTemp
  I:00A6H         SYMBOL        ucTemp_VLD
  -------         ENDDO         
  C:C070H         LINE#         712
  C:C07CH         LINE#         713
  C:C07CH         LINE#         722
  C:C088H         LINE#         724
  C:C088H         LINE#         725
  C:C08BH         LINE#         726
  C:C093H         LINE#         727
  C:C097H         LINE#         728
  C:C09BH         LINE#         729
  C:C0A0H         LINE#         731
  C:C0A0H         LINE#         733
  C:C0A0H         LINE#         734
  C:C0A3H         LINE#         736
  C:C0A6H         LINE#         737
  C:C0AAH         LINE#         738
  C:C0ACH         LINE#         739
  C:C0AEH         LINE#         742
  C:C0AEH         LINE#         743
  C:C0B1H         LINE#         744
  C:C0B1H         LINE#         746
  C:C0BAH         LINE#         747
  C:C0BFH         LINE#         748
  C:C0C4H         LINE#         749
  C:C0C9H         LINE#         750
  C:C0D3H         LINE#         751
  C:C0E0H         LINE#         754
  C:C0EDH         LINE#         755
BL51 BANKED LINKER/LOCATER V5.03                                                      11/21/2005  13:47:44  PAGE 184


  C:C0F9H         LINE#         756
  C:C104H         LINE#         758
  C:C106H         LINE#         759
  C:C106H         LINE#         794
  C:C10DH         LINE#         795
  C:C10DH         LINE#         796
  C:C110H         LINE#         797
  C:C111H         LINE#         798
  C:C111H         LINE#         799
  C:C111H         LINE#         800
  C:C111H         LINE#         801
  C:C111H         LINE#         802
  C:C111H         LINE#         803
  C:C111H         LINE#         804
  C:C111H         LINE#         805
  C:C111H         LINE#         806
  C:C111H         LINE#         807
  C:C111H         LINE#         808
  C:C111H         LINE#         809
  C:C111H         LINE#         810
  C:C111H         LINE#         811
  C:C111H         LINE#         812
  C:C111H         LINE#         813
  C:C111H         LINE#         814
  C:C111H         LINE#         815
  C:C111H         LINE#         816
  C:C111H         LINE#         817
  C:C114H         LINE#         818
  C:C116H         LINE#         819
  C:C118H         LINE#         821
  C:C11CH         LINE#         822
  C:C125H         LINE#         823
  C:C125H         LINE#         824
  C:C135H         LINE#         826
  C:C138H         LINE#         828
  -------         ENDPROC       _LOAD_VLC_FONT
  C:BD69H         SYMBOL        L?0144
  C:BD71H         SYMBOL        L?0146
  C:BD79H         SYMBOL        L?0147
  C:BD81H         SYMBOL        L?0156
  C:BD89H         SYMBOL        L?0163
  -------         PROC          _GET_VLD
  D:0034H         SYMBOL        array
  -------         DO            
  D:0036H         SYMBOL        ucZero_Cnt
  B:0023H.1       SYMBOL        bSec_Part
  -------         ENDDO         
  C:BC89H         LINE#         830
  C:BC8DH         LINE#         831
  C:BC8DH         LINE#         832
  C:BC90H         LINE#         833
  C:BC92H         LINE#         835
  C:BC92H         LINE#         836
  C:BC92H         LINE#         837
  C:BC96H         LINE#         838
  C:BC96H         LINE#         839
  C:BC9EH         LINE#         840
BL51 BANKED LINKER/LOCATER V5.03                                                      11/21/2005  13:47:44  PAGE 185


  C:BC9EH         LINE#         841
  C:BCA5H         LINE#         842
  C:BCA5H         LINE#         844
  C:BCACH         LINE#         845
  C:BCACH         LINE#         846
  C:BCACH         LINE#         847
  C:BCAFH         LINE#         849
  C:BCB5H         LINE#         850
  C:BCB5H         LINE#         851
  C:BCB7H         LINE#         852
  C:BCB9H         LINE#         854
  C:BCB9H         LINE#         855
  C:BCBBH         LINE#         856
  C:BCBBH         LINE#         858
  C:BCBEH         LINE#         859
  C:BCBEH         LINE#         860
  C:BCD3H         LINE#         861
  C:BCD3H         LINE#         862
  C:BCD3H         LINE#         863
  C:BCD5H         LINE#         864
  C:BCD8H         LINE#         865
  C:BCDAH         LINE#         867
  C:BCDAH         LINE#         868
  C:BCDDH         LINE#         869
  C:BCDFH         LINE#         870
  C:BCE2H         LINE#         872
  C:BCE5H         LINE#         873
  C:BCE5H         LINE#         874
  C:BCE8H         LINE#         875
  C:BCE8H         LINE#         877
  C:BCE8H         LINE#         878
  C:BCEBH         LINE#         879
  C:BCEBH         LINE#         881
  C:BCEBH         LINE#         882
  C:BCEEH         LINE#         883
  C:BCF0H         LINE#         884
  C:BCF3H         LINE#         886
  C:BCF6H         LINE#         887
  C:BCF6H         LINE#         888
  C:BCF9H         LINE#         889
  C:BCF9H         LINE#         891
  C:BCF9H         LINE#         892
  C:BCFCH         LINE#         893
  C:BCFCH         LINE#         895
  C:BCFCH         LINE#         896
  C:BCFFH         LINE#         897
  C:BD01H         LINE#         898
  C:BD04H         LINE#         900
  C:BD07H         LINE#         901
  C:BD07H         LINE#         902
  C:BD0AH         LINE#         903
  C:BD0AH         LINE#         905
  C:BD0AH         LINE#         906
  C:BD0DH         LINE#         907
  C:BD0DH         LINE#         909
  C:BD0DH         LINE#         910
  C:BD10H         LINE#         911
BL51 BANKED LINKER/LOCATER V5.03                                                      11/21/2005  13:47:44  PAGE 186


  C:BD12H         LINE#         912
  C:BD15H         LINE#         914
  C:BD18H         LINE#         915
  C:BD18H         LINE#         916
  C:BD1BH         LINE#         918
  C:BD1EH         LINE#         919
  C:BD1EH         LINE#         920
  C:BD21H         LINE#         921
  C:BD21H         LINE#         923
  C:BD21H         LINE#         924
  C:BD24H         LINE#         925
  C:BD24H         LINE#         926
  C:BD24H         LINE#         928
  C:BD24H         LINE#         929
  C:BD27H         LINE#         931
  C:BD2AH         LINE#         932
  C:BD2AH         LINE#         933
  C:BD2DH         LINE#         935
  C:BD30H         LINE#         936
  C:BD30H         LINE#         937
  C:BD33H         LINE#         938
  C:BD33H         LINE#         940
  C:BD33H         LINE#         941
  C:BD36H         LINE#         942
  C:BD36H         LINE#         944
  C:BD36H         LINE#         946
  C:BD36H         LINE#         947
  C:BD39H         LINE#         949
  C:BD3CH         LINE#         950
  C:BD3CH         LINE#         951
  C:BD3FH         LINE#         952
  C:BD3FH         LINE#         954
  C:BD3FH         LINE#         955
  C:BD42H         LINE#         956
  C:BD42H         LINE#         958
  C:BD42H         LINE#         959
  C:BD42H         LINE#         961
  C:BD42H         LINE#         962
  C:BD45H         LINE#         963
  C:BD47H         LINE#         964
  C:BD4AH         LINE#         966
  C:BD4DH         LINE#         967
  C:BD4DH         LINE#         968
  C:BD50H         LINE#         970
  C:BD53H         LINE#         971
  C:BD53H         LINE#         972
  C:BD56H         LINE#         973
  C:BD56H         LINE#         975
  C:BD56H         LINE#         976
  C:BD59H         LINE#         977
  C:BD59H         LINE#         978
  C:BD59H         LINE#         980
  C:BD59H         LINE#         981
  C:BD60H         LINE#         982
  C:BD66H         LINE#         983
  C:BD66H         LINE#         984
  C:BD68H         LINE#         985
BL51 BANKED LINKER/LOCATER V5.03                                                      11/21/2005  13:47:44  PAGE 187


  C:BD68H         LINE#         986
  C:BD68H         LINE#         987
  C:BD68H         LINE#         988
  C:BD68H         LINE#         989
  C:BD68H         LINE#         990
  C:BD68H         LINE#         991
  -------         ENDPROC       _GET_VLD
  -------         PROC          _GETBIT
  D:0082H         SYMBOL        array
  C:EF0AH         LINE#         993
  C:EF0EH         LINE#         994
  C:EF0EH         LINE#         995
  C:EF12H         LINE#         996
  C:EF12H         LINE#         997
  C:EF1AH         LINE#         998
  C:EF1AH         LINE#         999
  C:EF21H         LINE#         1000
  C:EF21H         LINE#         1002
  C:EF21H         LINE#         1003
  C:EF24H         LINE#         1005
  -------         ENDPROC       _GETBIT
  -------         ENDMOD        ACCESS

  -------         MODULE        DDC
  C:0000H         SYMBOL        _ICE_DUMMY_
  D:0090H         PUBLIC        P1
  D:00B0H         PUBLIC        P3
  D:00A8H         PUBLIC        IE
  D:00B8H         PUBLIC        IP
  D:0098H         PUBLIC        SCON
  D:0088H         PUBLIC        TCON
  D:00C8H         PUBLIC        T2CON
  D:00D0H         PUBLIC        PSW
  -------         ENDMOD        DDC

  -------         MODULE        RGB_ECHO
  C:0000H         SYMBOL        _ICE_DUMMY_
  D:0090H         PUBLIC        P1
  D:00B0H         PUBLIC        P3
  D:00A8H         PUBLIC        IE
  D:00B8H         PUBLIC        IP
  C:DC8BH         PUBLIC        rgb_EXIT_KEY
  C:944CH         PUBLIC        _rgb_OSD_Slider
  D:0098H         PUBLIC        SCON
  D:0088H         PUBLIC        TCON
  C:E810H         PUBLIC        rgb_LED_LIGHT_CONTROL
  D:00C8H         PUBLIC        T2CON
  D:00D0H         PUBLIC        PSW
  C:E234H         SYMBOL        Com0042
  C:E234H         SYMBOL        L?0067
  C:E255H         SYMBOL        L?0068
  C:E259H         SYMBOL        L?0069
  C:E260H         SYMBOL        L?0070
  C:E26EH         SYMBOL        L?0071
  C:E271H         SYMBOL        L?0072
  C:E278H         SYMBOL        L?0074
  -------         PROC          COM0042
BL51 BANKED LINKER/LOCATER V5.03                                                      11/21/2005  13:47:44  PAGE 188


  -------         ENDPROC       COM0042
  C:9678H         SYMBOL        L?0073
  -------         PROC          _RGB_OSD_SLIDER
  D:0029H         SYMBOL        row
  D:002AH         SYMBOL        col
  D:002BH         SYMBOL        length
  D:002CH         SYMBOL        value
  D:002DH         SYMBOL        range
  D:002EH         SYMBOL        color
  D:002FH         SYMBOL        color_slider
  -------         DO            
  I:00A6H         SYMBOL        usStart_Addr
  D:0030H         SYMBOL        bound
  -------         ENDDO         
  C:944CH         LINE#         53
  C:9452H         LINE#         55
  C:9452H         LINE#         60
  C:9458H         LINE#         65
  C:9463H         LINE#         67
  C:9469H         LINE#         68
  C:947EH         LINE#         71
  C:947EH         LINE#         72
  C:947EH         LINE#         73
  C:9481H         LINE#         74
  C:948CH         LINE#         75
  C:9491H         LINE#         76
  C:9498H         LINE#         77
  C:949BH         LINE#         78
  C:94A0H         LINE#         80
  C:94A3H         LINE#         81
  C:94A6H         LINE#         82
  C:94A9H         LINE#         83
  C:94B0H         LINE#         84
  C:94B0H         LINE#         85
  C:94B0H         LINE#         86
  C:94B3H         LINE#         88
  C:94C9H         LINE#         89
  C:94C9H         LINE#         90
  C:94C9H         LINE#         91
  C:94CCH         LINE#         93
  C:94CEH         LINE#         95
  C:94DAH         LINE#         96
  C:94DAH         LINE#         97
  C:94F2H         LINE#         98
  C:94FBH         LINE#         100
  C:9509H         LINE#         101
  C:9509H         LINE#         102
  C:950FH         LINE#         103
  C:950FH         LINE#         104
  C:9517H         LINE#         105
  C:9517H         LINE#         106
  C:9523H         LINE#         107
  C:9524H         LINE#         108
  C:9527H         LINE#         110
  C:9527H         LINE#         111
  C:952AH         LINE#         112
  C:952DH         LINE#         114
BL51 BANKED LINKER/LOCATER V5.03                                                      11/21/2005  13:47:44  PAGE 189


  C:9534H         LINE#         115
  C:9543H         LINE#         116
  C:954AH         LINE#         117
  C:9559H         LINE#         118
  C:9560H         LINE#         119
  C:956FH         LINE#         121
  C:957BH         LINE#         122
  C:957BH         LINE#         123
  C:957EH         LINE#         125
  C:957EH         LINE#         126
  C:958AH         LINE#         127
  C:958AH         LINE#         128
  C:958DH         LINE#         130
  C:958DH         LINE#         131
  C:9593H         LINE#         132
  C:9593H         LINE#         133
  C:959BH         LINE#         134
  C:959BH         LINE#         135
  C:959EH         LINE#         136
  C:95A8H         LINE#         137
  C:95AAH         LINE#         139
  C:95AAH         LINE#         140
  C:95ADH         LINE#         141
  C:95B0H         LINE#         143
  C:95B6H         LINE#         144
  C:95B8H         LINE#         145
  C:95BFH         LINE#         146
  C:95C4H         LINE#         147
  C:95CBH         LINE#         148
  C:95D0H         LINE#         149
  C:95D7H         LINE#         150
  C:95DCH         LINE#         151
  C:95E3H         LINE#         152
  C:95E8H         LINE#         153
  C:95EFH         LINE#         154
  C:95F4H         LINE#         156
  C:95F7H         LINE#         157
  C:95F7H         LINE#         158
  C:95F9H         LINE#         160
  C:95F9H         LINE#         161
  C:95FCH         LINE#         162
  C:95FCH         LINE#         164
  C:95FCH         LINE#         166
  C:9601H         LINE#         168
  C:9606H         LINE#         170
  C:960EH         LINE#         171
  C:9619H         LINE#         172
  C:9621H         LINE#         173
  C:962CH         LINE#         175
  C:962EH         LINE#         176
  C:963EH         LINE#         177
  C:964AH         LINE#         179
  C:964DH         LINE#         180
  C:964DH         LINE#         181
  C:9650H         LINE#         182
  C:9658H         LINE#         183
  C:965BH         LINE#         184
BL51 BANKED LINKER/LOCATER V5.03                                                      11/21/2005  13:47:44  PAGE 190


  C:965BH         LINE#         185
  C:965EH         LINE#         187
  C:9661H         LINE#         188
  C:9664H         LINE#         189
  C:9667H         LINE#         190
  C:966AH         LINE#         191
  C:966DH         LINE#         192
  C:9670H         LINE#         193
  C:9673H         LINE#         194
  C:9678H         LINE#         196
  -------         ENDPROC       _RGB_OSD_SLIDER
  -------         PROC          RGB_LED_LIGHT_CONTROL
  C:E810H         LINE#         198
  C:E810H         LINE#         199
  C:E810H         LINE#         200
  C:E81FH         LINE#         201
  C:E81FH         LINE#         202
  C:E824H         LINE#         203
  C:E829H         LINE#         204
  C:E82EH         LINE#         205
  C:E82FH         LINE#         207
  C:E82FH         LINE#         208
  C:E832H         LINE#         209
  C:E832H         LINE#         210
  C:E838H         LINE#         211
  C:E83CH         LINE#         212
  C:E83DH         LINE#         214
  C:E83DH         LINE#         215
  C:E842H         LINE#         216
  C:E847H         LINE#         217
  C:E847H         LINE#         218
  C:E847H         LINE#         219
  -------         ENDPROC       RGB_LED_LIGHT_CONTROL
  -------         PROC          RGB_EXIT_KEY
  C:DC8BH         LINE#         222
  C:DC8BH         LINE#         223
  C:DC8BH         LINE#         224
  C:DC90H         LINE#         225
  C:DC90H         LINE#         226
  C:DC95H         LINE#         227
  C:DC95H         LINE#         228
  C:DC9AH         LINE#         229
  C:DC9AH         LINE#         230
  C:DC9FH         LINE#         231
  C:DC9FH         LINE#         232
  C:DCA1H         LINE#         233
  C:DCA2H         LINE#         235
  C:DCA2H         LINE#         236
  C:DCA6H         LINE#         237
  C:DCA6H         LINE#         238
  C:DCA7H         LINE#         240
  C:DCA7H         LINE#         241
  C:DCABH         LINE#         242
  C:DCE2H         LINE#         245
  C:DCE2H         LINE#         246
  C:DCE2H         LINE#         248
  C:DCE2H         LINE#         249
BL51 BANKED LINKER/LOCATER V5.03                                                      11/21/2005  13:47:44  PAGE 191


  C:DCE6H         LINE#         250
  C:DCE6H         LINE#         251
  C:DCE6H         LINE#         253
  -------         ENDPROC       RGB_EXIT_KEY
  -------         ENDMOD        RGB_ECHO

  -------         MODULE        ?C?CLDPTR
  C:867EH         PUBLIC        ?C?CLDPTR
  -------         ENDMOD        ?C?CLDPTR

  -------         MODULE        ?C?CLDOPTR
  C:8697H         PUBLIC        ?C?CLDOPTR
  -------         ENDMOD        ?C?CLDOPTR

  -------         MODULE        ?C?CSTPTR
  C:86C4H         PUBLIC        ?C?CSTPTR
  -------         ENDMOD        ?C?CSTPTR

  -------         MODULE        ?C?IMUL
  C:86D6H         PUBLIC        ?C?IMUL
  -------         ENDMOD        ?C?IMUL

  -------         MODULE        ?C?UIDIV
  C:86E8H         PUBLIC        ?C?UIDIV
  -------         ENDMOD        ?C?UIDIV

  -------         MODULE        ?C?LMUL
  C:873DH         PUBLIC        ?C?LMUL
  -------         ENDMOD        ?C?LMUL

  -------         MODULE        ?C?ULDIV
  C:87C8H         PUBLIC        ?C?ULDIV
  -------         ENDMOD        ?C?ULDIV

  -------         MODULE        ?C?ULCMP
  C:885AH         PUBLIC        ?C?ULCMP
  -------         ENDMOD        ?C?ULCMP

  -------         MODULE        ?C?ULSHR
  C:886BH         PUBLIC        ?C?ULSHR
  -------         ENDMOD        ?C?ULSHR

  -------         MODULE        ?C?LSHL
  C:887EH         PUBLIC        ?C?LSHL
  -------         ENDMOD        ?C?LSHL

  -------         MODULE        ?C?LLDIDATA
  C:8891H         PUBLIC        ?C?LLDIDATA
  -------         ENDMOD        ?C?LLDIDATA

  -------         MODULE        ?C?LLDIDATA0
  C:889DH         PUBLIC        ?C?LLDIDATA0
  -------         ENDMOD        ?C?LLDIDATA0

  -------         MODULE        ?C?LSTIDATA
  C:88AAH         PUBLIC        ?C?LSTIDATA
  -------         ENDMOD        ?C?LSTIDATA
BL51 BANKED LINKER/LOCATER V5.03                                                      11/21/2005  13:47:44  PAGE 192



  -------         MODULE        ?C?LSTKIDATA
  C:88B6H         PUBLIC        ?C?LSTKIDATA
  -------         ENDMOD        ?C?LSTKIDATA

  -------         MODULE        ?C?OFFXADD
  C:88CFH         PUBLIC        ?C?OFFXADD
  -------         ENDMOD        ?C?OFFXADD

Program Size: data=209.2 xdata=63 code=61706
LINK/LOCATE RUN COMPLETE.  0 WARNING(S),  0 ERROR(S)
